
Optional file libmchp_peripheral.a not found

Optional file libmchp_peripheral_32MX795F512L.a not found
Archive member included because of file (symbol)

c:/program files (x86)/microchip/xc32/v1.44/bin/bin/../../lib/gcc/pic32mx/4.8.3\libgcc.a(floatunsisf.o)
                              build/default/production/_ext/1360937237/app.o (__floatunsisf)
c:/program files (x86)/microchip/xc32/v1.44/bin/bin/../../lib/gcc/pic32mx/4.8.3/../../../../pic32mx/lib\libpic32.a(memcpy.o)
                              build/default/production/_ext/739232943/queue.o (memcpy)
c:/program files (x86)/microchip/xc32/v1.44/bin/bin/../../lib/gcc/pic32mx/4.8.3/../../../../pic32mx/lib\libpic32.a(memset.o)
                              build/default/production/_ext/739232943/tasks.o (memset)
c:/program files (x86)/microchip/xc32/v1.44/bin/bin/../../lib/gcc/pic32mx/4.8.3/../../../../pic32mx/lib\libpic32.a(default-bootstrap-exception-handler.o)
                              c:/program files (x86)/microchip/xc32/v1.44/bin/bin/../../lib/gcc/pic32mx/4.8.3/../../../../pic32mx/lib/./proc/32MX795F512L/crt0_mips32r2.o (_bootstrap_exception_handler)
c:/program files (x86)/microchip/xc32/v1.44/bin/bin/../../lib/gcc/pic32mx/4.8.3/../../../../pic32mx/lib\libpic32.a(default-on-reset.o)
                              c:/program files (x86)/microchip/xc32/v1.44/bin/bin/../../lib/gcc/pic32mx/4.8.3/../../../../pic32mx/lib/./proc/32MX795F512L/crt0_mips32r2.o (_on_reset)
c:/program files (x86)/microchip/xc32/v1.44/bin/bin/../../lib/gcc/pic32mx/4.8.3/../../../../pic32mx/lib\libpic32.a(default-on-bootstrap.o)
                              c:/program files (x86)/microchip/xc32/v1.44/bin/bin/../../lib/gcc/pic32mx/4.8.3/../../../../pic32mx/lib/./proc/32MX795F512L/crt0_mips32r2.o (_on_bootstrap)
c:/program files (x86)/microchip/xc32/v1.44/bin/bin/../../lib/gcc/pic32mx/4.8.3/../../../../pic32mx/lib\libpic32.a(default-nmi-handler.o)
                              c:/program files (x86)/microchip/xc32/v1.44/bin/bin/../../lib/gcc/pic32mx/4.8.3/../../../../pic32mx/lib/./proc/32MX795F512L/crt0_mips32r2.o (_nmi_handler)
c:/program files (x86)/microchip/xc32/v1.44/bin/bin/../../lib/gcc/pic32mx/4.8.3/../../../../pic32mx/lib\libpic32.a(general-exception.o)
                              c:/program files (x86)/microchip/xc32/v1.44/bin/bin/../../lib/gcc/pic32mx/4.8.3/../../../../pic32mx/lib/./proc/32MX795F512L/crt0_mips32r2.o (_general_exception_context)
c:/program files (x86)/microchip/xc32/v1.44/bin/bin/../../lib/gcc/pic32mx/4.8.3/../../../../pic32mx/lib\libpic32.a(vector0.o)
                              c:/program files (x86)/microchip/xc32/v1.44/bin/bin/../../lib/gcc/pic32mx/4.8.3/../../../../pic32mx/lib/./proc/32MX795F512L\default_isr_vectors.o (__vector_dispatch_0)
c:/program files (x86)/microchip/xc32/v1.44/bin/bin/../../lib/gcc/pic32mx/4.8.3/../../../../pic32mx/lib\libpic32.a(vector2.o)
                              c:/program files (x86)/microchip/xc32/v1.44/bin/bin/../../lib/gcc/pic32mx/4.8.3/../../../../pic32mx/lib/./proc/32MX795F512L\default_isr_vectors.o (__vector_dispatch_2)
c:/program files (x86)/microchip/xc32/v1.44/bin/bin/../../lib/gcc/pic32mx/4.8.3/../../../../pic32mx/lib\libpic32.a(vector3.o)
                              c:/program files (x86)/microchip/xc32/v1.44/bin/bin/../../lib/gcc/pic32mx/4.8.3/../../../../pic32mx/lib/./proc/32MX795F512L\default_isr_vectors.o (__vector_dispatch_3)
c:/program files (x86)/microchip/xc32/v1.44/bin/bin/../../lib/gcc/pic32mx/4.8.3/../../../../pic32mx/lib\libpic32.a(vector5.o)
                              c:/program files (x86)/microchip/xc32/v1.44/bin/bin/../../lib/gcc/pic32mx/4.8.3/../../../../pic32mx/lib/./proc/32MX795F512L\default_isr_vectors.o (__vector_dispatch_5)
c:/program files (x86)/microchip/xc32/v1.44/bin/bin/../../lib/gcc/pic32mx/4.8.3/../../../../pic32mx/lib\libpic32.a(vector6.o)
                              c:/program files (x86)/microchip/xc32/v1.44/bin/bin/../../lib/gcc/pic32mx/4.8.3/../../../../pic32mx/lib/./proc/32MX795F512L\default_isr_vectors.o (__vector_dispatch_6)
c:/program files (x86)/microchip/xc32/v1.44/bin/bin/../../lib/gcc/pic32mx/4.8.3/../../../../pic32mx/lib\libpic32.a(vector7.o)
                              c:/program files (x86)/microchip/xc32/v1.44/bin/bin/../../lib/gcc/pic32mx/4.8.3/../../../../pic32mx/lib/./proc/32MX795F512L\default_isr_vectors.o (__vector_dispatch_7)
c:/program files (x86)/microchip/xc32/v1.44/bin/bin/../../lib/gcc/pic32mx/4.8.3/../../../../pic32mx/lib\libpic32.a(vector8.o)
                              c:/program files (x86)/microchip/xc32/v1.44/bin/bin/../../lib/gcc/pic32mx/4.8.3/../../../../pic32mx/lib/./proc/32MX795F512L\default_isr_vectors.o (__vector_dispatch_8)
c:/program files (x86)/microchip/xc32/v1.44/bin/bin/../../lib/gcc/pic32mx/4.8.3/../../../../pic32mx/lib\libpic32.a(vector9.o)
[...]
Memory Configuration

Name             Origin             Length             Attributes
kseg0_program_mem 0x9d000000         0x00080000         xr
kseg0_boot_mem   0x9fc00490         0x00000970
exception_mem    0x9fc01000         0x00001000
kseg1_boot_mem   0xbfc00000         0x00000490
debug_exec_mem   0xbfc02000         0x00000ff0
config3          0xbfc02ff0         0x00000004
config2          0xbfc02ff4         0x00000004
config1          0xbfc02ff8         0x00000004
config0          0xbfc02ffc         0x00000004
kseg1_data_mem   0xa0000000         0x00020000         w !x
sfrs             0xbf800000         0x00100000
configsfrs       0xbfc02ff0         0x00000010
*default*        0x00000000         0xffffffff

Linker script and memory map

LOAD c:/program files (x86)/microchip/xc32/v1.44/bin/bin/../../lib/gcc/pic32mx/4.8.3/../../../../pic32mx/lib/./proc/32MX795F512L/crt0_mips32r2.o
LOAD c:/program files (x86)/microchip/xc32/v1.44/bin/bin/../../lib/gcc/pic32mx/4.8.3/../../../../pic32mx/lib\debug-exception-return.o
LOAD build/default/production/_ext/1407244131/drv_tmr_static.o
LOAD build/default/production/_ext/1407244131/drv_tmr_mapping.o
LOAD build/default/production/_ext/327000265/drv_usart_mapping.o
LOAD build/default/production/_ext/327000265/drv_usart_static.o
LOAD build/default/production/_ext/327000265/drv_usart_static_byte_model.o
LOAD build/default/production/_ext/639803181/sys_clk_pic32mx.o
LOAD build/default/production/_ext/340578644/sys_devcon.o
LOAD build/default/production/_ext/340578644/sys_devcon_pic32mx.o
LOAD build/default/production/_ext/822048611/sys_ports_static.o
LOAD build/default/production/_ext/1688732426/system_init.o
LOAD build/default/production/_ext/1688732426/system_interrupt.o
LOAD build/default/production/_ext/1688732426/system_exceptions.o
LOAD build/default/production/_ext/1688732426/system_tasks.o
LOAD build/default/production/_ext/1688732426/system_interrupt_a.o
LOAD build/default/production/_ext/1688732426/rtos_hooks.o
LOAD build/default/production/_ext/1360937237/app.o
LOAD build/default/production/_ext/1360937237/main.o
LOAD build/default/production/_ext/1360937237/debug.o
LOAD build/default/production/_ext/417179412/osal_freertos.o
LOAD build/default/production/_ext/1082766828/sys_int_pic32.o
LOAD build/default/production/_ext/1995343438/heap_1.o
LOAD build/default/production/_ext/1575994309/port.o
LOAD build/default/production/_ext/1575994309/port_asm.o
LOAD build/default/production/_ext/739232943/croutine.o
LOAD build/default/production/_ext/739232943/list.o
LOAD build/default/production/_ext/739232943/queue.o
LOAD build/default/production/_ext/739232943/tasks.o
LOAD build/default/production/_ext/739232943/timers.o
LOAD build/default/production/_ext/739232943/event_groups.o
LOAD ..\..\..\..\..\..\..\microchip\harmony\v2_04\bin\framework\peripheral\PIC32MX795F512L_peripherals.a
                0x00000001                __MPLAB_BUILD = 0x1
                0x00000000                _min_heap_size = 0x0
LOAD c:/program files (x86)/microchip/xc32/v1.44/bin/bin/../../lib/gcc/pic32mx/4.8.3/../../../../pic32mx/lib/./proc/32MX795F512L\default_isr_vectors.o
LOAD c:/program files (x86)/microchip/xc32/v1.44/bin/bin/../../lib/gcc/pic32mx/4.8.3/../../../../pic32mx/lib\pic32_software_reset.o
                0x00000400                PROVIDE (_min_stack_size, 0x400)
LOAD c:/program files (x86)/microchip/xc32/v1.44/bin/bin/../../lib/gcc/pic32mx/4.8.3/../../../../pic32mx/lib/./proc/32MX795F512L\processor.o
START GROUP
LOAD libmchp_peripheral.a
END GROUP
START GROUP
LOAD libmchp_peripheral_32MX795F512L.a
END GROUP
                0x00000001                PROVIDE (_vector_spacing, 0x1)
                0x9fc01000                PROVIDE (_ebase_address, 0x9fc01000)
                0xbfc00000                _RESET_ADDR = 0xbfc00000
                0xbfc00380                _BEV_EXCPT_ADDR = 0xbfc00380
                0xbfc00480                _DBG_EXCPT_ADDR = 0xbfc00480
                0xbfc02000                _DBG_CODE_ADDR = 0xbfc02000
                0x00000ff0                _DBG_CODE_SIZE = 0xff0
                0x9fc01180                _GEN_EXCPT_ADDR = (_ebase_address + 0x180)

.config_BFC02FF0
                0xbfc02ff0        0x4
 *(.config_BFC02FF0)
 .config_BFC02FF0
                0xbfc02ff0        0x4 build/default/production/_ext/1688732426/system_init.o

.config_BFC02FF4
                0xbfc02ff4        0x4
 *(.config_BFC02FF4)
 .config_BFC02FF4
                0xbfc02ff4        0x4 build/default/production/_ext/1688732426/system_init.o

.config_BFC02FF8
                0xbfc02ff8        0x4
 *(.config_BFC02FF8)
 .config_BFC02FF8
                0xbfc02ff8        0x4 build/default/production/_ext/1688732426/system_init.o

.config_BFC02FFC
                0xbfc02ffc        0x4
 *(.config_BFC02FFC)
 .config_BFC02FFC
                0xbfc02ffc        0x4 build/default/production/_ext/1688732426/system_init.o
                0xbfc02000                PROVIDE (_DBG_CODE_ADDR, 0xbfc02000)
                0x00000ff0                PROVIDE (_DBG_CODE_SIZE, 0xff0)

.reset          0xbfc00000      0x208
 *(.reset)
 .reset         0xbfc00000        0x8 c:/program files (x86)/microchip/xc32/v1.44/bin/bin/../../lib/gcc/pic32mx/4.8.3/../../../../pic32mx/lib/./proc/32MX795F512L/crt0_mips32r2.o
                0xbfc00000                _reset
 *(.reset.startup)
 .reset.startup
                0xbfc00008      0x200 c:/program files (x86)/microchip/xc32/v1.44/bin/bin/../../lib/gcc/pic32mx/4.8.3/../../../../pic32mx/lib/./proc/32MX795F512L/crt0_mips32r2.o
                0xbfc00008                _startup

.bev_excpt      0xbfc00380       0x10
 *(.bev_handler)
 .bev_handler   0xbfc00380       0x10 c:/program files (x86)/microchip/xc32/v1.44/bin/bin/../../lib/gcc/pic32mx/4.8.3/../../../../pic32mx/lib/./proc/32MX795F512L/crt0_mips32r2.o

.dbg_excpt      0xbfc00480        0x0
                0xbfc00480                . = (. + DEFINED (_DEBUGGER)?0x8:0x0)

.dbg_code       0xbfc02000        0x0
                0xbfc02000                . = (. + DEFINED (_DEBUGGER)?_DBG_CODE_SIZE:0x0)

.app_excpt      0x9fc01180       0x10
 *(.gen_handler)
 .gen_handler   0x9fc01180       0x10 c:/program files (x86)/microchip/xc32/v1.44/bin/bin/../../lib/gcc/pic32mx/4.8.3/../../../../pic32mx/lib/./proc/32MX795F512L/crt0_mips32r2.o

.vector_0       0x9fc01200        0x8
 *(.vector_0)
 .vector_0      0x9fc01200        0x8 c:/program files (x86)/microchip/xc32/v1.44/bin/bin/../../lib/gcc/pic32mx/4.8.3/../../../../pic32mx/lib\libpic32.a(vector0.o)
                0x9fc01200                __vector_dispatch_0
                0x00000001                ASSERT (((_vector_spacing == 0x0) || (SIZEOF (.vector_0) <= (_vector_spacing << 0x5))), function at exception vector 0 too large)

.vector_1       0x9fc01220        0x8
 *(.vector_1)
 .vector_1      0x9fc01220        0x8 build/default/production/_ext/1575994309/port.o
                0x9fc01220                __vector_dispatch_1
                0x00000001                ASSERT (((_vector_spacing == 0x0) || (SIZEOF (.vector_1) <= (_vector_spacing << 0x5))), function at exception vector 1 too large)

.vector_2       0x9fc01240        0x8
 *(.vector_2)
 .vector_2      0x9fc01240        0x8 c:/program files (x86)/microchip/xc32/v1.44/bin/bin/../../lib/gcc/pic32mx/4.8.3/../../../../pic32mx/lib\libpic32.a(vector2.o)
                0x9fc01240                __vector_dispatch_2
                0x00000001                ASSERT (((_vector_spacing == 0x0) || (SIZEOF (.vector_2) <= (_vector_spacing << 0x5))), function at exception vector 2 too large)

.vector_3       0x9fc01260        0x8
 *(.vector_3)
 .vector_3      0x9fc01260        0x8 c:/program files (x86)/microchip/xc32/v1.44/bin/bin/../../lib/gcc/pic32mx/4.8.3/../../../../pic32mx/lib\libpic32.a(vector3.o)
                0x9fc01260                __vector_dispatch_3
                0x00000001                ASSERT (((_vector_spacing == 0x0) || (SIZEOF (.vector_3) <= (_vector_spacing << 0x5))), function at exception vector 3 too large)

.vector_4       0x9fc01280        0x8
 *(.vector_4)
 .vector_4      0x9fc01280        0x8 build/default/production/_ext/1575994309/port.o
                0x9fc01280                __vector_dispatch_4
                0x00000001                ASSERT (((_vector_spacing == 0x0) || (SIZEOF (.vector_4) <= (_vector_spacing << 0x5))), function at exception vector 4 too large)

.vector_5       0x9fc012a0        0x8
 *(.vector_5)
 .vector_5      0x9fc012a0        0x8 c:/program files (x86)/microchip/xc32/v1.44/bin/bin/../../lib/gcc/pic32mx/4.8.3/../../../../pic32mx/lib\libpic32.a(vector5.o)
                0x9fc012a0                __vector_dispatch_5
                0x00000001                ASSERT (((_vector_spacing == 0x0) || (SIZEOF (.vector_5) <= (_vector_spacing << 0x5))), function at exception vector 5 too large)

.vector_6       0x9fc012c0        0x8
 *(.vector_6)
 .vector_6      0x9fc012c0        0x8 c:/program files (x86)/microchip/xc32/v1.44/bin/bin/../../lib/gcc/pic32mx/4.8.3/../../../../pic32mx/lib\libpic32.a(vector6.o)
                0x9fc012c0                __vector_dispatch_6
                0x00000001                ASSERT (((_vector_spacing == 0x0) || (SIZEOF (.vector_6) <= (_vector_spacing << 0x5))), function at exception vector 6 too large)

.vector_7       0x9fc012e0        0x8
 *(.vector_7)
 .vector_7      0x9fc012e0        0x8 c:/program files (x86)/microchip/xc32/v1.44/bin/bin/../../lib/gcc/pic32mx/4.8.3/../../../../pic32mx/lib\libpic32.a(vector7.o)
                0x9fc012e0                __vector_dispatch_7
                0x00000001                ASSERT (((_vector_spacing == 0x0) || (SIZEOF (.vector_7) <= (_vector_spacing << 0x5))), function at exception vector 7 too large)

.vector_8       0x9fc01300        0x8
 *(.vector_8)
 .vector_8      0x9fc01300        0x8 c:/program files (x86)/microchip/xc32/v1.44/bin/bin/../../lib/gcc/pic32mx/4.8.3/../../../../pic32mx/lib\libpic32.a(vector8.o)
                0x9fc01300                __vector_dispatch_8
                0x00000001                ASSERT (((_vector_spacing == 0x0) || (SIZEOF (.vector_8) <= (_vector_spacing << 0x5))), function at exception vector 8 too large)

.vector_9       0x9fc01320        0x8
 *(.vector_9)
 .vector_9      0x9fc01320        0x8 c:/program files (x86)/microchip/xc32/v1.44/bin/bin/../../lib/gcc/pic32mx/4.8.3/../../../../pic32mx/lib\libpic32.a(vector9.o)
                0x9fc01320                __vector_dispatch_9
                0x00000001                ASSERT (((_vector_spacing == 0x0) || (SIZEOF (.vector_9) <= (_vector_spacing << 0x5))), function at exception vector 9 too large)

.vector_10      0x9fc01340        0x8
 *(.vector_10)
 .vector_10     0x9fc01340        0x8 c:/program files (x86)/microchip/xc32/v1.44/bin/bin/../../lib/gcc/pic32mx/4.8.3/../../../../pic32mx/lib\libpic32.a(vector10.o)
                0x9fc01340                __vector_dispatch_10
                0x00000001                ASSERT (((_vector_spacing == 0x0) || (SIZEOF (.vector_10) <= (_vector_spacing << 0x5))), function at exception vector 10 too large)

.vector_11      0x9fc01360        0x8
 *(.vector_11)
 .vector_11     0x9fc01360        0x8 c:/program files (x86)/microchip/xc32/v1.44/bin/bin/../../lib/gcc/pic32mx/4.8.3/../../../../pic32mx/lib\libpic32.a(vector11.o)
                0x9fc01360                __vector_dispatch_11
                0x00000001                ASSERT (((_vector_spacing == 0x0) || (SIZEOF (.vector_11) <= (_vector_spacing << 0x5))), function at exception vector 11 too large)

.vector_12      0x9fc01380       0x10
 *(.vector_12)
 .vector_12     0x9fc01380       0x10 build/default/production/_ext/1688732426/system_interrupt_a.o
                0x9fc01380                __vector_dispatch_12
                0x00000001                ASSERT (((_vector_spacing == 0x0) || (SIZEOF (.vector_12) <= (_vector_spacing << 0x5))), function at exception vector 12 too large)

.vector_13      0x9fc013a0        0x8
 *(.vector_13)
 .vector_13     0x9fc013a0        0x8 c:/program files (x86)/microchip/xc32/v1.44/bin/bin/../../lib/gcc/pic32mx/4.8.3/../../../../pic32mx/lib\libpic32.a(vector13.o)
                0x9fc013a0                __vector_dispatch_13
                0x00000001                ASSERT (((_vector_spacing == 0x0) || (SIZEOF (.vector_13) <= (_vector_spacing << 0x5))), function at exception vector 13 too large)

.vector_14      0x9fc013c0        0x8
 *(.vector_14)
 .vector_14     0x9fc013c0        0x8 c:/program files (x86)/microchip/xc32/v1.44/bin/bin/../../lib/gcc/pic32mx/4.8.3/../../../../pic32mx/lib\libpic32.a(vector14.o)
                0x9fc013c0                __vector_dispatch_14
                0x00000001                ASSERT (((_vector_spacing == 0x0) || (SIZEOF (.vector_14) <= (_vector_spacing << 0x5))), function at exception vector 14 too large)

.vector_15      0x9fc013e0        0x8
 *(.vector_15)
 .vector_15     0x9fc013e0        0x8 c:/program files (x86)/microchip/xc32/v1.44/bin/bin/../../lib/gcc/pic32mx/4.8.3/../../../../pic32mx/lib\libpic32.a(vector15.o)
                0x9fc013e0                __vector_dispatch_15
                0x00000001                ASSERT (((_vector_spacing == 0x0) || (SIZEOF (.vector_15) <= (_vector_spacing << 0x5))), function at exception vector 15 too large)

.vector_16      0x9fc01400       0x10
 *(.vector_16)
 .vector_16     0x9fc01400       0x10 build/default/production/_ext/1688732426/system_interrupt_a.o
                0x9fc01400                __vector_dispatch_16
                0x00000001                ASSERT (((_vector_spacing == 0x0) || (SIZEOF (.vector_16) <= (_vector_spacing << 0x5))), function at exception vector 16 too large)

.vector_17      0x9fc01420        0x8
 *(.vector_17)
 .vector_17     0x9fc01420        0x8 c:/program files (x86)/microchip/xc32/v1.44/bin/bin/../../lib/gcc/pic32mx/4.8.3/../../../../pic32mx/lib\libpic32.a(vector17.o)
                0x9fc01420                __vector_dispatch_17
                0x00000001                ASSERT (((_vector_spacing == 0x0) || (SIZEOF (.vector_17) <= (_vector_spacing << 0x5))), function at exception vector 17 too large)

.vector_18      0x9fc01440        0x8
 *(.vector_18)
 .vector_18     0x9fc01440        0x8 c:/program files (x86)/microchip/xc32/v1.44/bin/bin/../../lib/gcc/pic32mx/4.8.3/../../../../pic32mx/lib\libpic32.a(vector18.o)
                0x9fc01440                __vector_dispatch_18
                0x00000001                ASSERT (((_vector_spacing == 0x0) || (SIZEOF (.vector_18) <= (_vector_spacing << 0x5))), function at exception vector 18 too large)

.vector_19      0x9fc01460        0x8
 *(.vector_19)
 .vector_19     0x9fc01460        0x8 c:/program files (x86)/microchip/xc32/v1.44/bin/bin/../../lib/gcc/pic32mx/4.8.3/../../../../pic32mx/lib\libpic32.a(vector19.o)
                0x9fc01460                __vector_dispatch_19
                0x00000001                ASSERT (((_vector_spacing == 0x0) || (SIZEOF (.vector_19) <= (_vector_spacing << 0x5))), function at exception vector 19 too large)

.vector_20      0x9fc01480       0x10
 *(.vector_20)
 .vector_20     0x9fc01480       0x10 build/default/production/_ext/1688732426/system_interrupt_a.o
                0x9fc01480                __vector_dispatch_20
                0x00000001                ASSERT (((_vector_spacing == 0x0) || (SIZEOF (.vector_20) <= (_vector_spacing << 0x5))), function at exception vector 20 too large)

.vector_21      0x9fc014a0        0x8
 *(.vector_21)
 .vector_21     0x9fc014a0        0x8 c:/program files (x86)/microchip/xc32/v1.44/bin/bin/../../lib/gcc/pic32mx/4.8.3/../../../../pic32mx/lib\libpic32.a(vector21.o)
                0x9fc014a0                __vector_dispatch_21
                0x00000001                ASSERT (((_vector_spacing == 0x0) || (SIZEOF (.vector_21) <= (_vector_spacing << 0x5))), function at exception vector 21 too large)

.vector_22      0x9fc014c0        0x8
 *(.vector_22)
 .vector_22     0x9fc014c0        0x8 c:/program files (x86)/microchip/xc32/v1.44/bin/bin/../../lib/gcc/pic32mx/4.8.3/../../../../pic32mx/lib\libpic32.a(vector22.o)
                0x9fc014c0                __vector_dispatch_22
                0x00000001                ASSERT (((_vector_spacing == 0x0) || (SIZEOF (.vector_22) <= (_vector_spacing << 0x5))), function at exception vector 22 too large)

.vector_23      0x9fc014e0        0x8
 *(.vector_23)
 .vector_23     0x9fc014e0        0x8 c:/program files (x86)/microchip/xc32/v1.44/bin/bin/../../lib/gcc/pic32mx/4.8.3/../../../../pic32mx/lib\libpic32.a(vector23.o)
                0x9fc014e0                __vector_dispatch_23
                0x00000001                ASSERT (((_vector_spacing == 0x0) || (SIZEOF (.vector_23) <= (_vector_spacing << 0x5))), function at exception vector 23 too large)

.vector_24      0x9fc01500        0x8
 *(.vector_24)
 .vector_24     0x9fc01500        0x8 c:/program files (x86)/microchip/xc32/v1.44/bin/bin/../../lib/gcc/pic32mx/4.8.3/../../../../pic32mx/lib\libpic32.a(vector24.o)
                0x9fc01500                __vector_dispatch_24
                0x00000001                ASSERT (((_vector_spacing == 0x0) || (SIZEOF (.vector_24) <= (_vector_spacing << 0x5))), function at exception vector 24 too large)

.vector_25      0x9fc01520        0x8
 *(.vector_25)
 .vector_25     0x9fc01520        0x8 c:/program files (x86)/microchip/xc32/v1.44/bin/bin/../../lib/gcc/pic32mx/4.8.3/../../../../pic32mx/lib\libpic32.a(vector25.o)
                0x9fc01520                __vector_dispatch_25
                0x00000001                ASSERT (((_vector_spacing == 0x0) || (SIZEOF (.vector_25) <= (_vector_spacing << 0x5))), function at exception vector 25 too large)

.vector_26      0x9fc01540        0x8
 *(.vector_26)
 .vector_26     0x9fc01540        0x8 c:/program files (x86)/microchip/xc32/v1.44/bin/bin/../../lib/gcc/pic32mx/4.8.3/../../../../pic32mx/lib\libpic32.a(vector26.o)
                0x9fc01540                __vector_dispatch_26
                0x00000001                ASSERT (((_vector_spacing == 0x0) || (SIZEOF (.vector_26) <= (_vector_spacing << 0x5))), function at exception vector 26 too large)

.vector_27      0x9fc01560        0x8
 *(.vector_27)
 .vector_27     0x9fc01560        0x8 c:/program files (x86)/microchip/xc32/v1.44/bin/bin/../../lib/gcc/pic32mx/4.8.3/../../../../pic32mx/lib\libpic32.a(vector27.o)
                0x9fc01560                __vector_dispatch_27
                0x00000001                ASSERT (((_vector_spacing == 0x0) || (SIZEOF (.vector_27) <= (_vector_spacing << 0x5))), function at exception vector 27 too large)

.vector_28      0x9fc01580        0x8
 *(.vector_28)
 .vector_28     0x9fc01580        0x8 c:/program files (x86)/microchip/xc32/v1.44/bin/bin/../../lib/gcc/pic32mx/4.8.3/../../../../pic32mx/lib\libpic32.a(vector28.o)
                0x9fc01580                __vector_dispatch_28
                0x00000001                ASSERT (((_vector_spacing == 0x0) || (SIZEOF (.vector_28) <= (_vector_spacing << 0x5))), function at exception vector 28 too large)

.vector_29      0x9fc015a0        0x8
 *(.vector_29)
 .vector_29     0x9fc015a0        0x8 c:/program files (x86)/microchip/xc32/v1.44/bin/bin/../../lib/gcc/pic32mx/4.8.3/../../../../pic32mx/lib\libpic32.a(vector29.o)
                0x9fc015a0                __vector_dispatch_29
                0x00000001                ASSERT (((_vector_spacing == 0x0) || (SIZEOF (.vector_29) <= (_vector_spacing << 0x5))), function at exception vector 29 too large)

.vector_30      0x9fc015c0        0x8
 *(.vector_30)
 .vector_30     0x9fc015c0        0x8 c:/program files (x86)/microchip/xc32/v1.44/bin/bin/../../lib/gcc/pic32mx/4.8.3/../../../../pic32mx/lib\libpic32.a(vector30.o)
                0x9fc015c0                __vector_dispatch_30
                0x00000001                ASSERT (((_vector_spacing == 0x0) || (SIZEOF (.vector_30) <= (_vector_spacing << 0x5))), function at exception vector 30 too large)

.vector_31      0x9fc015e0        0x8
 *(.vector_31)
 .vector_31     0x9fc015e0        0x8 c:/program files (x86)/microchip/xc32/v1.44/bin/bin/../../lib/gcc/pic32mx/4.8.3/../../../../pic32mx/lib\libpic32.a(vector31.o)
                0x9fc015e0                __vector_dispatch_31
                0x00000001                ASSERT (((_vector_spacing == 0x0) || (SIZEOF (.vector_31) <= (_vector_spacing << 0x5))), function at exception vector 31 too large)

.vector_32      0x9fc01600        0x8
 *(.vector_32)
 .vector_32     0x9fc01600        0x8 c:/program files (x86)/microchip/xc32/v1.44/bin/bin/../../lib/gcc/pic32mx/4.8.3/../../../../pic32mx/lib\libpic32.a(vector32.o)
                0x9fc01600                __vector_dispatch_32
                0x00000001                ASSERT (((_vector_spacing == 0x0) || (SIZEOF (.vector_32) <= (_vector_spacing << 0x5))), function at exception vector 32 too large)

.vector_33      0x9fc01620        0x8
 *(.vector_33)
 .vector_33     0x9fc01620        0x8 c:/program files (x86)/microchip/xc32/v1.44/bin/bin/../../lib/gcc/pic32mx/4.8.3/../../../../pic32mx/lib\libpic32.a(vector33.o)
                0x9fc01620                __vector_dispatch_33
                0x00000001                ASSERT (((_vector_spacing == 0x0) || (SIZEOF (.vector_33) <= (_vector_spacing << 0x5))), function at exception vector 33 too large)

.vector_34      0x9fc01640        0x8
 *(.vector_34)
 .vector_34     0x9fc01640        0x8 c:/program files (x86)/microchip/xc32/v1.44/bin/bin/../../lib/gcc/pic32mx/4.8.3/../../../../pic32mx/lib\libpic32.a(vector34.o)
                0x9fc01640                __vector_dispatch_34
                0x00000001                ASSERT (((_vector_spacing == 0x0) || (SIZEOF (.vector_34) <= (_vector_spacing << 0x5))), function at exception vector 34 too large)

.vector_35      0x9fc01660        0x8
 *(.vector_35)
 .vector_35     0x9fc01660        0x8 c:/program files (x86)/microchip/xc32/v1.44/bin/bin/../../lib/gcc/pic32mx/4.8.3/../../../../pic32mx/lib\libpic32.a(vector35.o)
                0x9fc01660                __vector_dispatch_35
                0x00000001                ASSERT (((_vector_spacing == 0x0) || (SIZEOF (.vector_35) <= (_vector_spacing << 0x5))), function at exception vector 35 too large)

.vector_36      0x9fc01680        0x8
 *(.vector_36)
 .vector_36     0x9fc01680        0x8 c:/program files (x86)/microchip/xc32/v1.44/bin/bin/../../lib/gcc/pic32mx/4.8.3/../../../../pic32mx/lib\libpic32.a(vector36.o)
                0x9fc01680                __vector_dispatch_36
                0x00000001                ASSERT (((_vector_spacing == 0x0) || (SIZEOF (.vector_36) <= (_vector_spacing << 0x5))), function at exception vector 36 too large)

.vector_37      0x9fc016a0        0x8
 *(.vector_37)
 .vector_37     0x9fc016a0        0x8 c:/program files (x86)/microchip/xc32/v1.44/bin/bin/../../lib/gcc/pic32mx/4.8.3/../../../../pic32mx/lib\libpic32.a(vector37.o)
                0x9fc016a0                __vector_dispatch_37
                0x00000001                ASSERT (((_vector_spacing == 0x0) || (SIZEOF (.vector_37) <= (_vector_spacing << 0x5))), function at exception vector 37 too large)

.vector_38      0x9fc016c0        0x8
 *(.vector_38)
 .vector_38     0x9fc016c0        0x8 c:/program files (x86)/microchip/xc32/v1.44/bin/bin/../../lib/gcc/pic32mx/4.8.3/../../../../pic32mx/lib\libpic32.a(vector38.o)
                0x9fc016c0                __vector_dispatch_38
                0x00000001                ASSERT (((_vector_spacing == 0x0) || (SIZEOF (.vector_38) <= (_vector_spacing << 0x5))), function at exception vector 38 too large)

.vector_39      0x9fc016e0        0x8
 *(.vector_39)
 .vector_39     0x9fc016e0        0x8 c:/program files (x86)/microchip/xc32/v1.44/bin/bin/../../lib/gcc/pic32mx/4.8.3/../../../../pic32mx/lib\libpic32.a(vector39.o)
                0x9fc016e0                __vector_dispatch_39
                0x00000001                ASSERT (((_vector_spacing == 0x0) || (SIZEOF (.vector_39) <= (_vector_spacing << 0x5))), function at exception vector 39 too large)

.vector_40      0x9fc01700        0x8
 *(.vector_40)
 .vector_40     0x9fc01700        0x8 c:/program files (x86)/microchip/xc32/v1.44/bin/bin/../../lib/gcc/pic32mx/4.8.3/../../../../pic32mx/lib\libpic32.a(vector40.o)
                0x9fc01700                __vector_dispatch_40
                0x00000001                ASSERT (((_vector_spacing == 0x0) || (SIZEOF (.vector_40) <= (_vector_spacing << 0x5))), function at exception vector 40 too large)

.vector_41      0x9fc01720        0x8
 *(.vector_41)
 .vector_41     0x9fc01720        0x8 c:/program files (x86)/microchip/xc32/v1.44/bin/bin/../../lib/gcc/pic32mx/4.8.3/../../../../pic32mx/lib\libpic32.a(vector41.o)
                0x9fc01720                __vector_dispatch_41
                0x00000001                ASSERT (((_vector_spacing == 0x0) || (SIZEOF (.vector_41) <= (_vector_spacing << 0x5))), function at exception vector 41 too large)

.vector_42      0x9fc01740        0x8
 *(.vector_42)
 .vector_42     0x9fc01740        0x8 c:/program files (x86)/microchip/xc32/v1.44/bin/bin/../../lib/gcc/pic32mx/4.8.3/../../../../pic32mx/lib\libpic32.a(vector42.o)
                0x9fc01740                __vector_dispatch_42
                0x00000001                ASSERT (((_vector_spacing == 0x0) || (SIZEOF (.vector_42) <= (_vector_spacing << 0x5))), function at exception vector 42 too large)

.vector_43      0x9fc01760        0x8
 *(.vector_43)
 .vector_43     0x9fc01760        0x8 c:/program files (x86)/microchip/xc32/v1.44/bin/bin/../../lib/gcc/pic32mx/4.8.3/../../../../pic32mx/lib\libpic32.a(vector43.o)
                0x9fc01760                __vector_dispatch_43
                0x00000001                ASSERT (((_vector_spacing == 0x0) || (SIZEOF (.vector_43) <= (_vector_spacing << 0x5))), function at exception vector 43 too large)

.vector_44      0x9fc01780        0x8
 *(.vector_44)
 .vector_44     0x9fc01780        0x8 c:/program files (x86)/microchip/xc32/v1.44/bin/bin/../../lib/gcc/pic32mx/4.8.3/../../../../pic32mx/lib\libpic32.a(vector44.o)
                0x9fc01780                __vector_dispatch_44
                0x00000001                ASSERT (((_vector_spacing == 0x0) || (SIZEOF (.vector_44) <= (_vector_spacing << 0x5))), function at exception vector 44 too large)

.vector_45      0x9fc017a0        0x8
 *(.vector_45)
 .vector_45     0x9fc017a0        0x8 c:/program files (x86)/microchip/xc32/v1.44/bin/bin/../../lib/gcc/pic32mx/4.8.3/../../../../pic32mx/lib\libpic32.a(vector45.o)
                0x9fc017a0                __vector_dispatch_45
                0x00000001                ASSERT (((_vector_spacing == 0x0) || (SIZEOF (.vector_45) <= (_vector_spacing << 0x5))), function at exception vector 45 too large)

.vector_46      0x9fc017c0        0x8
 *(.vector_46)
 .vector_46     0x9fc017c0        0x8 c:/program files (x86)/microchip/xc32/v1.44/bin/bin/../../lib/gcc/pic32mx/4.8.3/../../../../pic32mx/lib\libpic32.a(vector46.o)
                0x9fc017c0                __vector_dispatch_46
                0x00000001                ASSERT (((_vector_spacing == 0x0) || (SIZEOF (.vector_46) <= (_vector_spacing << 0x5))), function at exception vector 46 too large)

.vector_47      0x9fc017e0        0x8
 *(.vector_47)
 .vector_47     0x9fc017e0        0x8 c:/program files (x86)/microchip/xc32/v1.44/bin/bin/../../lib/gcc/pic32mx/4.8.3/../../../../pic32mx/lib\libpic32.a(vector47.o)
                0x9fc017e0                __vector_dispatch_47
                0x00000001                ASSERT (((_vector_spacing == 0x0) || (SIZEOF (.vector_47) <= (_vector_spacing << 0x5))), function at exception vector 47 too large)

.vector_48      0x9fc01800        0x8
 *(.vector_48)
 .vector_48     0x9fc01800        0x8 c:/program files (x86)/microchip/xc32/v1.44/bin/bin/../../lib/gcc/pic32mx/4.8.3/../../../../pic32mx/lib\libpic32.a(vector48.o)
                0x9fc01800                __vector_dispatch_48
                0x00000001                ASSERT (((_vector_spacing == 0x0) || (SIZEOF (.vector_48) <= (_vector_spacing << 0x5))), function at exception vector 48 too large)

.vector_49      0x9fc01820        0x8
 *(.vector_49)
 .vector_49     0x9fc01820        0x8 c:/program files (x86)/microchip/xc32/v1.44/bin/bin/../../lib/gcc/pic32mx/4.8.3/../../../../pic32mx/lib\libpic32.a(vector49.o)
                0x9fc01820                __vector_dispatch_49
                0x00000001                ASSERT (((_vector_spacing == 0x0) || (SIZEOF (.vector_49) <= (_vector_spacing << 0x5))), function at exception vector 49 too large)

.vector_50      0x9fc01840        0x8
 *(.vector_50)
 .vector_50     0x9fc01840        0x8 c:/program files (x86)/microchip/xc32/v1.44/bin/bin/../../lib/gcc/pic32mx/4.8.3/../../../../pic32mx/lib\libpic32.a(vector50.o)
                0x9fc01840                __vector_dispatch_50
                0x00000001                ASSERT (((_vector_spacing == 0x0) || (SIZEOF (.vector_50) <= (_vector_spacing << 0x5))), function at exception vector 50 too large)

.vector_51      0x9fc01860        0x8
 *(.vector_51)
 .vector_51     0x9fc01860        0x8 c:/program files (x86)/microchip/xc32/v1.44/bin/bin/../../lib/gcc/pic32mx/4.8.3/../../../../pic32mx/lib\libpic32.a(vector51.o)
                0x9fc01860                __vector_dispatch_51
                0x00000001                ASSERT (((_vector_spacing == 0x0) || (SIZEOF (.vector_51) <= (_vector_spacing << 0x5))), function at exception vector 51 too large)

.vector_52      0x9fc01880        0x0
 *(.vector_52)
                0x00000001                ASSERT (((_vector_spacing == 0x0) || (SIZEOF (.vector_52) <= (_vector_spacing << 0x5))), function at exception vector 52 too large)

.vector_53      0x9fc018a0        0x0
 *(.vector_53)
                0x00000001                ASSERT (((_vector_spacing == 0x0) || (SIZEOF (.vector_53) <= (_vector_spacing << 0x5))), function at exception vector 53 too large)

.vector_54      0x9fc018c0        0x0
 *(.vector_54)
                0x00000001                ASSERT (((_vector_spacing == 0x0) || (SIZEOF (.vector_54) <= (_vector_spacing << 0x5))), function at exception vector 54 too large)

.vector_55      0x9fc018e0        0x0
 *(.vector_55)
                0x00000001                ASSERT (((_vector_spacing == 0x0) || (SIZEOF (.vector_55) <= (_vector_spacing << 0x5))), function at exception vector 55 too large)

.vector_56      0x9fc01900        0x0
 *(.vector_56)
                0x00000001                ASSERT (((_vector_spacing == 0x0) || (SIZEOF (.vector_56) <= (_vector_spacing << 0x5))), function at exception vector 56 too large)

.vector_57      0x9fc01920        0x0
 *(.vector_57)
                0x00000001                ASSERT (((_vector_spacing == 0x0) || (SIZEOF (.vector_57) <= (_vector_spacing << 0x5))), function at exception vector 57 too large)

.vector_58      0x9fc01940        0x0
 *(.vector_58)
                0x00000001                ASSERT (((_vector_spacing == 0x0) || (SIZEOF (.vector_58) <= (_vector_spacing << 0x5))), function at exception vector 58 too large)

.vector_59      0x9fc01960        0x0
 *(.vector_59)
                0x00000001                ASSERT (((_vector_spacing == 0x0) || (SIZEOF (.vector_59) <= (_vector_spacing << 0x5))), function at exception vector 59 too large)

.vector_60      0x9fc01980        0x0
 *(.vector_60)
                0x00000001                ASSERT (((_vector_spacing == 0x0) || (SIZEOF (.vector_60) <= (_vector_spacing << 0x5))), function at exception vector 60 too large)

.vector_61      0x9fc019a0        0x0
 *(.vector_61)
                0x00000001                ASSERT (((_vector_spacing == 0x0) || (SIZEOF (.vector_61) <= (_vector_spacing << 0x5))), function at exception vector 61 too large)

.vector_62      0x9fc019c0        0x0
 *(.vector_62)
                0x00000001                ASSERT (((_vector_spacing == 0x0) || (SIZEOF (.vector_62) <= (_vector_spacing << 0x5))), function at exception vector 62 too large)

.vector_63      0x9fc019e0        0x0
 *(.vector_63)
                0x00000001                ASSERT (((_vector_spacing == 0x0) || (SIZEOF (.vector_63) <= (_vector_spacing << 0x5))), function at exception vector 63 too large)

.startup
 *(.startup)

.text           0x9d000000        0x0
 *(.stub .gnu.linkonce.t.*)
 *(.text.*personality*)
 *(.mips16.fn.*)
 *(.mips16.call.*)
 *(.gnu.warning)
                0x9d000000                . = ALIGN (0x4)

.init           0x9d000000        0x0
 *crti.o(.init)
 *crtbegin.o(.init)
 *(EXCLUDE_FILE(*crtn.o *crtend?.o *crtend.o) .init)
 *crtend.o(.init)
 *crtn.o(.init)
                0x9d000000                . = ALIGN (0x4)

.fini           0x9d000000        0x0
 *(.fini)
                0x9d000000                . = ALIGN (0x4)

.preinit_array  0x9d000000        0x0
                0x9d000000                PROVIDE (__preinit_array_start, .)
 *(.preinit_array)
                0x9d000000                PROVIDE (__preinit_array_end, .)
                0x9d000000                . = ALIGN (0x4)

.init_array     0x9d000000        0x0
                0x9d000000                PROVIDE (__init_array_start, .)
 *(SORT(.init_array.*))
 *(.init_array)
                0x9d000000                PROVIDE (__init_array_end, .)
                0x9d000000                . = ALIGN (0x4)

.fini_array     0x9d000000        0x0
                0x9d000000                PROVIDE (__fini_array_start, .)
 *(SORT(.fini_array.*))
 *(.fini_array)
                0x9d000000                PROVIDE (__fini_array_end, .)
                0x9d000000                . = ALIGN (0x4)

.ctors          0x9d000000        0x0
 *crtbegin.o(.ctors)
 *crtbegin?.o(.ctors)
 *(EXCLUDE_FILE(*crtend?.o *crtend.o) .ctors)
 *(SORT(.ctors.*))
 *(.ctors)
                0x9d000000                . = ALIGN (0x4)

.dtors          0x9d000000        0x0
 *crtbegin.o(.dtors)
 *crtbegin?.o(.dtors)
 *(EXCLUDE_FILE(*crtend?.o *crtend.o) .dtors)
 *(SORT(.dtors.*))
 *(.dtors)
                0x9d000000                . = ALIGN (0x4)

.rodata         0x9d000000        0x0
 *(.gnu.linkonce.r.*)
 *(.rodata1)
                0x9d000000                . = ALIGN (0x4)

.sdata2         0x9fc00490        0x0
 *(.sdata2 .sdata2.* .gnu.linkonce.s2.*)
                0x9fc00490                . = ALIGN (0x4)

.sbss2          0x9fc00490        0x0
 *(.sbss2 .sbss2.* .gnu.linkonce.sb2.*)
                0x9fc00490                . = ALIGN (0x4)

.eh_frame_hdr
 *(.eh_frame_hdr)
                0x9fc00490                . = ALIGN (0x4)

.eh_frame
 *(.eh_frame)
                0x9fc00490                . = ALIGN (0x4)

.gcc_except_table
 *(.gcc_except_table .gcc_except_table.*)
                0x9fc00490                . = ALIGN (0x4)

.dbg_data       0xa0000000        0x0
                0xa0000000                . = (. + DEFINED (_DEBUGGER)?0x200:0x0)

.jcr            0xa0000000        0x0
 *(.jcr)
                0xa0000000                . = ALIGN (0x4)

.eh_frame
 *(.eh_frame)
                0xa0000000                . = ALIGN (0x4)

.gcc_except_table
 *(.gcc_except_table .gcc_except_table.*)
                0xa0000000                . = ALIGN (0x4)

.persist        0xa0000000        0x0
                0xa0000000                _persist_begin = .
 *(.persist .persist.*)
 *(.pbss .pbss.*)
                0xa0000000                . = ALIGN (0x4)
                0xa0000000                _persist_end = .

.data           0xa0000000        0x0
 *(.gnu.linkonce.d.*)
 *(.data1)
                0xa0000000                . = ALIGN (0x4)
                0xa0000000                . = .
                0xa0007ff0                _gp = (ALIGN (0x10) + 0x7ff0)

.got            0xa0000000        0x0
 *(.got.plt)
 *(.got)
                0xa0000000                . = ALIGN (0x4)

.sdata          0xa0000000        0x8
                0xa0000000                _sdata_begin = .
 *(.sdata .sdata.* .gnu.linkonce.s.*)
 .sdata         0xa0000000        0x4 build/default/production/_ext/1575994309/port.o
                0xa0000000                uxInterruptNesting
 .sdata         0xa0000004        0x4 c:/program files (x86)/microchip/xc32/v1.44/bin/bin/../../lib/gcc/pic32mx/4.8.3/../../../../pic32mx/lib\libpic32.a(xc32_uart.o)
                0xa0000004                __XC_UART
                0xa0000008                . = ALIGN (0x4)
                0xa0000008                _sdata_end = .

.lit8
 *(.lit8)

.lit4
 *(.lit4)
                0xa0000008                . = ALIGN (0x4)
                0xa0000008                _data_end = .
                0xa0000008                _bss_begin = .

.sbss           0xa0000008       0x78
                0xa0000008                _sbss_begin = .
 *(.dynsbss)
 *(.sbss .sbss.* .gnu.linkonce.sb.*)
 .sbss          0xa0000008        0x3 build/default/production/_ext/1407244131/drv_tmr_static.o
 *fill*         0xa000000b        0x1 
 .sbss          0xa000000c        0x8 build/default/production/_ext/1688732426/system_interrupt.o
                0xa000000c                state
                0xa000000d                ticks2
                0xa000000e                ticks1
                0xa000000f                timer5_count
                0xa0000010                cm_count
 .sbss          0xa0000014        0xc build/default/production/_ext/1688732426/system_exceptions.o
 .sbss          0xa0000020        0x8 build/default/production/_ext/1995343438/heap_1.o
 .sbss          0xa0000028        0x4 build/default/production/_ext/1575994309/port.o
                0xa0000028                uxSavedTaskStackPointer
 .sbss          0xa000002c       0x3c build/default/production/_ext/739232943/tasks.o
                0xa0000064                pxCurrentTCB
 *(.scommon)
 .scommon       0xa0000068        0x4 build/default/production/_ext/327000265/drv_usart_mapping.o
                0xa0000068                encoder_q
 .scommon       0xa000006c        0x8 build/default/production/_ext/327000265/drv_usart_static.o
                0xa000006c                gDrvUSART0Obj
 .scommon       0xa0000074        0x0 build/default/production/_ext/327000265/drv_usart_static_byte_model.o
 .scommon       0xa0000074        0x0 build/default/production/_ext/639803181/sys_clk_pic32mx.o
 .scommon       0xa0000074        0x8 build/default/production/_ext/340578644/sys_devcon.o
                0xa0000074                sysDevconObj
 .scommon       0xa000007c        0x0 build/default/production/_ext/1688732426/system_init.o
 .scommon       0xa000007c        0x0 build/default/production/_ext/1688732426/system_interrupt.o
 .scommon       0xa000007c        0x0 build/default/production/_ext/1688732426/system_exceptions.o
 .scommon       0xa000007c        0x0 build/default/production/_ext/1688732426/system_tasks.o
 .scommon       0xa000007c        0x4 build/default/production/_ext/1360937237/app.o
                0xa000007c                appData
 .scommon       0xa0000080        0x0 build/default/production/_ext/1360937237/debug.o
                0xa0000080                _sbss_end = .
                0xa0000080                . = ALIGN (0x4)

.bss            0xa0000080       0x10
 *(.dynbss)
 *(COMMON)
 COMMON         0xa0000080       0x10 build/default/production/_ext/1688732426/system_init.o
                0xa0000080                sysObj
                0xa0000090                . = ALIGN ((. != 0x0)?0x4:0x1)
                0xa0000090                . = ALIGN (0x4)
                0xa0000090                _end = .
                0xa0000090                _bss_end = .
                0x00020000                _bmxdudba_address = 0x20000
                0x00020000                _bmxdupba_address = 0x20000

/DISCARD/
 *(.pdr)
 *(.rel.dyn)
 *(.note.GNU-stack)
 *(.note.GNU-stack)
 *(.gnu_debuglink)
 *(.gnu.lto_*)
 *(.discard)

.gptab.sdata
 *(.gptab.data)
 *(.gptab.sdata)

.gptab.sbss
 *(.gptab.bss)
 *(.gptab.sbss)

.mdebug.abi32   0xa0000090        0x0
 *(.mdebug.abi32)
 .mdebug.abi32  0xa0000090        0x0 build/default/production/_ext/1407244131/drv_tmr_static.o
 .mdebug.abi32  0xa0000090        0x0 build/default/production/_ext/1407244131/drv_tmr_mapping.o
 .mdebug.abi32  0xa0000090        0x0 build/default/production/_ext/327000265/drv_usart_mapping.o
 .mdebug.abi32  0xa0000090        0x0 build/default/production/_ext/327000265/drv_usart_static.o
 .mdebug.abi32  0xa0000090        0x0 build/default/production/_ext/327000265/drv_usart_static_byte_model.o
 .mdebug.abi32  0xa0000090        0x0 build/default/production/_ext/639803181/sys_clk_pic32mx.o
 .mdebug.abi32  0xa0000090        0x0 build/default/production/_ext/340578644/sys_devcon.o
 .mdebug.abi32  0xa0000090        0x0 build/default/production/_ext/340578644/sys_devcon_pic32mx.o
 .mdebug.abi32  0xa0000090        0x0 build/default/production/_ext/822048611/sys_ports_static.o
 .mdebug.abi32  0xa0000090        0x0 build/default/production/_ext/1688732426/system_init.o
 .mdebug.abi32  0xa0000090        0x0 build/default/production/_ext/1688732426/system_interrupt.o
 .mdebug.abi32  0xa0000090        0x0 build/default/production/_ext/1688732426/system_exceptions.o
 .mdebug.abi32  0xa0000090        0x0 build/default/production/_ext/1688732426/system_tasks.o
 .mdebug.abi32  0xa0000090        0x0 build/default/production/_ext/1688732426/rtos_hooks.o
 .mdebug.abi32  0xa0000090        0x0 build/default/production/_ext/1360937237/app.o
 .mdebug.abi32  0xa0000090        0x0 build/default/production/_ext/1360937237/main.o
 .mdebug.abi32  0xa0000090        0x0 build/default/production/_ext/1360937237/debug.o
 .mdebug.abi32  0xa0000090        0x0 build/default/production/_ext/417179412/osal_freertos.o
 .mdebug.abi32  0xa0000090        0x0 build/default/production/_ext/1082766828/sys_int_pic32.o
 .mdebug.abi32  0xa0000090        0x0 build/default/production/_ext/1995343438/heap_1.o
 .mdebug.abi32  0xa0000090        0x0 build/default/production/_ext/1575994309/port.o
 .mdebug.abi32  0xa0000090        0x0 build/default/production/_ext/739232943/croutine.o
 .mdebug.abi32  0xa0000090        0x0 build/default/production/_ext/739232943/list.o
 .mdebug.abi32  0xa0000090        0x0 build/default/production/_ext/739232943/queue.o
 .mdebug.abi32  0xa0000090        0x0 build/default/production/_ext/739232943/tasks.o
 .mdebug.abi32  0xa0000090        0x0 build/default/production/_ext/739232943/timers.o
 .mdebug.abi32  0xa0000090        0x0 build/default/production/_ext/739232943/event_groups.o
 .mdebug.abi32  0xa0000090        0x0 c:/program files (x86)/microchip/xc32/v1.44/bin/bin/../../lib/gcc/pic32mx/4.8.3\libgcc.a(floatunsisf.o)
 .mdebug.abi32  0xa0000090        0x0 c:/program files (x86)/microchip/xc32/v1.44/bin/bin/../../lib/gcc/pic32mx/4.8.3/../../../../pic32mx/lib\libpic32.a(default-bootstrap-exception-handler.o)
 .mdebug.abi32  0xa0000090        0x0 c:/program files (x86)/microchip/xc32/v1.44/bin/bin/../../lib/gcc/pic32mx/4.8.3/../../../../pic32mx/lib\libpic32.a(default-on-reset.o)
 .mdebug.abi32  0xa0000090        0x0 c:/program files (x86)/microchip/xc32/v1.44/bin/bin/../../lib/gcc/pic32mx/4.8.3/../../../../pic32mx/lib\libpic32.a(default-on-bootstrap.o)
 .mdebug.abi32  0xa0000090        0x0 c:/program files (x86)/microchip/xc32/v1.44/bin/bin/../../lib/gcc/pic32mx/4.8.3/../../../../pic32mx/lib\libpic32.a(defaultinterrupt.o)
 .mdebug.abi32  0xa0000090        0x0 c:/program files (x86)/microchip/xc32/v1.44/bin/bin/../../lib/gcc/pic32mx/4.8.3/../../../../pic32mx/lib\libc.a(sprintf_cdnopuxX.eo)
 .mdebug.abi32  0xa0000090        0x0 c:/program files (x86)/microchip/xc32/v1.44/bin/bin/../../lib/gcc/pic32mx/4.8.3/../../../../pic32mx/lib\libc.a(doprnt_cdnopuxX.eo)
 .mdebug.abi32  0xa0000090        0x0 c:/program files (x86)/microchip/xc32/v1.44/bin/bin/../../lib/gcc/pic32mx/4.8.3/../../../../pic32mx/lib\libc.a(_fputc_simple.o)
 .mdebug.abi32  0xa0000090        0x0 c:/program files (x86)/microchip/xc32/v1.44/bin/bin/../../lib/gcc/pic32mx/4.8.3/../../../../pic32mx/lib\libc.a(ctype.o)
 .mdebug.abi32  0xa0000090        0x0 c:/program files (x86)/microchip/xc32/v1.44/bin/bin/../../lib/gcc/pic32mx/4.8.3/../../../../pic32mx/lib\libc.a(_iob.o)
 .mdebug.abi32  0xa0000090        0x0 c:/program files (x86)/microchip/xc32/v1.44/bin/bin/../../lib/gcc/pic32mx/4.8.3/../../../../pic32mx/lib\libc.a(_flsbuf_simple.o)
 .mdebug.abi32  0xa0000090        0x0 c:/program files (x86)/microchip/xc32/v1.44/bin/bin/../../lib/gcc/pic32mx/4.8.3\libgcc.a(_udivdi3.o)
 .mdebug.abi32  0xa0000090        0x0 c:/program files (x86)/microchip/xc32/v1.44/bin/bin/../../lib/gcc/pic32mx/4.8.3\libgcc.a(_umoddi3.o)
 .mdebug.abi32  0xa0000090        0x0 c:/program files (x86)/microchip/xc32/v1.44/bin/bin/../../lib/gcc/pic32mx/4.8.3/../../../../pic32mx/lib\libpic32.a(write.o)
 .mdebug.abi32  0xa0000090        0x0 c:/program files (x86)/microchip/xc32/v1.44/bin/bin/../../lib/gcc/pic32mx/4.8.3/../../../../pic32mx/lib\libpic32.a(_mon_putc.o)
 .mdebug.abi32  0xa0000090        0x0 c:/program files (x86)/microchip/xc32/v1.44/bin/bin/../../lib/gcc/pic32mx/4.8.3/../../../../pic32mx/lib\libpic32.a(xc32_uart.o)

.mdebug.abiN32
 *(.mdebug.abiN32)

.mdebug.abi64
 *(.mdebug.abi64)

.mdebug.abiO64
 *(.mdebug.abiO64)

.mdebug.eabi32
 *(.mdebug.eabi32)

.mdebug.eabi64
 *(.mdebug.eabi64)

.gcc_compiled_long32
 *(.gcc_compiled_long32)

.gcc_compiled_long64
 *(.gcc_compiled_long64)

.stab
 *(.stab)

.stabstr
 *(.stabstr)

.stab.excl
 *(.stab.excl)

.stab.exclstr
 *(.stab.exclstr)

.stab.index
 *(.stab.index)

.stab.indexstr
 *(.stab.indexstr)

.comment        0x00000000       0xa2
 *(.comment)
 .comment       0x00000000       0x3c build/default/production/_ext/1407244131/drv_tmr_static.o
                                 0x3d (size before relaxing)
 .comment       0x00000000       0x3d build/default/production/_ext/1407244131/drv_tmr_mapping.o
 .comment       0x00000000       0x3d build/default/production/_ext/327000265/drv_usart_mapping.o
 .comment       0x00000000       0x3d build/default/production/_ext/327000265/drv_usart_static.o
 .comment       0x00000000       0x3d build/default/production/_ext/327000265/drv_usart_static_byte_model.o
 .comment       0x00000000       0x3d build/default/production/_ext/639803181/sys_clk_pic32mx.o
 .comment       0x00000000       0x3d build/default/production/_ext/340578644/sys_devcon.o
 .comment       0x00000000       0x3d build/default/production/_ext/340578644/sys_devcon_pic32mx.o
 .comment       0x00000000       0x3d build/default/production/_ext/822048611/sys_ports_static.o
 .comment       0x00000000       0x3d build/default/production/_ext/1688732426/system_init.o
 .comment       0x00000000       0x3d build/default/production/_ext/1688732426/system_interrupt.o
 .comment       0x00000000       0x3d build/default/production/_ext/1688732426/system_exceptions.o
 .comment       0x00000000       0x3d build/default/production/_ext/1688732426/system_tasks.o
 .comment       0x00000000       0x3d build/default/production/_ext/1688732426/rtos_hooks.o
 .comment       0x00000000       0x3d build/default/production/_ext/1360937237/app.o
 .comment       0x00000000       0x3d build/default/production/_ext/1360937237/main.o
 .comment       0x00000000       0x3d build/default/production/_ext/1360937237/debug.o
 .comment       0x00000000       0x3d build/default/production/_ext/417179412/osal_freertos.o
 .comment       0x00000000       0x3d build/default/production/_ext/1082766828/sys_int_pic32.o
 .comment       0x00000000       0x3d build/default/production/_ext/1995343438/heap_1.o
 .comment       0x00000000       0x3d build/default/production/_ext/1575994309/port.o
 .comment       0x00000000       0x3d build/default/production/_ext/739232943/croutine.o
 .comment       0x00000000       0x3d build/default/production/_ext/739232943/list.o
 .comment       0x00000000       0x3d build/default/production/_ext/739232943/queue.o
 .comment       0x00000000       0x3d build/default/production/_ext/739232943/tasks.o
 .comment       0x00000000       0x3d build/default/production/_ext/739232943/timers.o
 .comment       0x00000000       0x3d build/default/production/_ext/739232943/event_groups.o
 .comment       0x00000000       0x3d c:/program files (x86)/microchip/xc32/v1.44/bin/bin/../../lib/gcc/pic32mx/4.8.3\libgcc.a(floatunsisf.o)
 .comment       0x0000003c       0x18 c:/program files (x86)/microchip/xc32/v1.44/bin/bin/../../lib/gcc/pic32mx/4.8.3/../../../../pic32mx/lib\libpic32.a(memset.o)
                                 0x19 (size before relaxing)
 .comment       0x00000000       0x3d c:/program files (x86)/microchip/xc32/v1.44/bin/bin/../../lib/gcc/pic32mx/4.8.3/../../../../pic32mx/lib\libpic32.a(default-bootstrap-exception-handler.o)
 .comment       0x00000000       0x3d c:/program files (x86)/microchip/xc32/v1.44/bin/bin/../../lib/gcc/pic32mx/4.8.3/../../../../pic32mx/lib\libpic32.a(default-on-reset.o)
 .comment       0x00000000       0x3d c:/program files (x86)/microchip/xc32/v1.44/bin/bin/../../lib/gcc/pic32mx/4.8.3/../../../../pic32mx/lib\libpic32.a(default-on-bootstrap.o)
 .comment       0x00000000       0x3d c:/program files (x86)/microchip/xc32/v1.44/bin/bin/../../lib/gcc/pic32mx/4.8.3/../../../../pic32mx/lib\libpic32.a(defaultinterrupt.o)
 .comment       0x00000000       0x3d c:/program files (x86)/microchip/xc32/v1.44/bin/bin/../../lib/gcc/pic32mx/4.8.3/../../../../pic32mx/lib\libc.a(sprintf_cdnopuxX.eo)
 .comment       0x00000000       0x3d c:/program files (x86)/microchip/xc32/v1.44/bin/bin/../../lib/gcc/pic32mx/4.8.3/../../../../pic32mx/lib\libc.a(doprnt_cdnopuxX.eo)
 .comment       0x00000000       0x3d c:/program files (x86)/microchip/xc32/v1.44/bin/bin/../../lib/gcc/pic32mx/4.8.3/../../../../pic32mx/lib\libc.a(_fputc_simple.o)
 .comment       0x00000054       0x4e c:/program files (x86)/microchip/xc32/v1.44/bin/bin/../../lib/gcc/pic32mx/4.8.3/../../../../pic32mx/lib\libc.a(ctype.o)
                                 0x8b (size before relaxing)
 .comment       0x00000000       0x3d c:/program files (x86)/microchip/xc32/v1.44/bin/bin/../../lib/gcc/pic32mx/4.8.3/../../../../pic32mx/lib\libc.a(_iob.o)
 .comment       0x00000000       0x3d c:/program files (x86)/microchip/xc32/v1.44/bin/bin/../../lib/gcc/pic32mx/4.8.3/../../../../pic32mx/lib\libc.a(_flsbuf_simple.o)
 .comment       0x00000000       0x3d c:/program files (x86)/microchip/xc32/v1.44/bin/bin/../../lib/gcc/pic32mx/4.8.3\libgcc.a(_udivdi3.o)
 .comment       0x00000000       0x3d c:/program files (x86)/microchip/xc32/v1.44/bin/bin/../../lib/gcc/pic32mx/4.8.3\libgcc.a(_umoddi3.o)
 .comment       0x00000000       0x3d c:/program files (x86)/microchip/xc32/v1.44/bin/bin/../../lib/gcc/pic32mx/4.8.3/../../../../pic32mx/lib\libpic32.a(write.o)
 .comment       0x00000000       0x3d c:/program files (x86)/microchip/xc32/v1.44/bin/bin/../../lib/gcc/pic32mx/4.8.3/../../../../pic32mx/lib\libpic32.a(_mon_putc.o)
 .comment       0x00000000       0x3d c:/program files (x86)/microchip/xc32/v1.44/bin/bin/../../lib/gcc/pic32mx/4.8.3/../../../../pic32mx/lib\libpic32.a(xc32_uart.o)

.debug
 *(.debug)

.line
 *(.line)

.debug_srcinfo
 *(.debug_srcinfo)

.debug_sfnames
 *(.debug_sfnames)

.debug_aranges  0x00000000      0xe08
 *(.debug_aranges)
 .debug_aranges
                0x00000000      0x188 build/default/production/_ext/1407244131/drv_tmr_static.o
 .debug_aranges
                0x00000188       0xe8 build/default/production/_ext/1407244131/drv_tmr_mapping.o
 .debug_aranges
                0x00000270       0xb0 build/default/production/_ext/327000265/drv_usart_mapping.o
 .debug_aranges
                0x00000320       0x70 build/default/production/_ext/327000265/drv_usart_static.o
 .debug_aranges
                0x00000390       0x48 build/default/production/_ext/327000265/drv_usart_static_byte_model.o
 .debug_aranges
                0x000003d8       0x50 build/default/production/_ext/639803181/sys_clk_pic32mx.o
 .debug_aranges
                0x00000428       0x78 build/default/production/_ext/340578644/sys_devcon.o
 .debug_aranges
                0x000004a0       0x20 build/default/production/_ext/340578644/sys_devcon_pic32mx.o
 .debug_aranges
                0x000004c0      0x148 build/default/production/_ext/822048611/sys_ports_static.o
 .debug_aranges
                0x00000608       0x20 build/default/production/_ext/1688732426/system_init.o
 .debug_aranges
                0x00000628       0x30 build/default/production/_ext/1688732426/system_interrupt.o
 .debug_aranges
                0x00000658       0x20 build/default/production/_ext/1688732426/system_exceptions.o
 .debug_aranges
                0x00000678       0x30 build/default/production/_ext/1688732426/system_tasks.o
 .debug_aranges
                0x000006a8       0x48 build/default/production/_ext/1688732426/system_interrupt_a.o
 .debug_aranges
                0x000006f0       0x28 build/default/production/_ext/1688732426/rtos_hooks.o
 .debug_aranges
                0x00000718       0x70 build/default/production/_ext/1360937237/app.o
 .debug_aranges
                0x00000788       0x20 build/default/production/_ext/1360937237/main.o
 .debug_aranges
                0x000007a8       0x48 build/default/production/_ext/1360937237/debug.o
 .debug_aranges
                0x000007f0       0x88 build/default/production/_ext/417179412/osal_freertos.o
 .debug_aranges
                0x00000878       0x48 build/default/production/_ext/1082766828/sys_int_pic32.o
 .debug_aranges
                0x000008c0       0x38 build/default/production/_ext/1995343438/heap_1.o
 .debug_aranges
                0x000008f8       0x58 build/default/production/_ext/1575994309/port.o
 .debug_aranges
                0x00000950       0x20 build/default/production/_ext/1575994309/port_asm.o
 .debug_aranges
                0x00000970       0x18 build/default/production/_ext/739232943/croutine.o
 .debug_aranges
                0x00000988       0x40 build/default/production/_ext/739232943/list.o
 .debug_aranges
                0x000009c8       0xb0 build/default/production/_ext/739232943/queue.o
 .debug_aranges
                0x00000a78      0x178 build/default/production/_ext/739232943/tasks.o
 .debug_aranges
                0x00000bf0       0x18 build/default/production/_ext/739232943/timers.o
 .debug_aranges
                0x00000c08       0x60 build/default/production/_ext/739232943/event_groups.o
 .debug_aranges
                0x00000c68       0x20 c:/program files (x86)/microchip/xc32/v1.44/bin/bin/../../lib/gcc/pic32mx/4.8.3\libgcc.a(floatunsisf.o)
 .debug_aranges
                0x00000c88       0x20 c:/program files (x86)/microchip/xc32/v1.44/bin/bin/../../lib/gcc/pic32mx/4.8.3/../../../../pic32mx/lib\libpic32.a(default-bootstrap-exception-handler.o)
 .debug_aranges
                0x00000ca8       0x20 c:/program files (x86)/microchip/xc32/v1.44/bin/bin/../../lib/gcc/pic32mx/4.8.3/../../../../pic32mx/lib\libpic32.a(default-on-reset.o)
 .debug_aranges
                0x00000cc8       0x20 c:/program files (x86)/microchip/xc32/v1.44/bin/bin/../../lib/gcc/pic32mx/4.8.3/../../../../pic32mx/lib\libpic32.a(default-on-bootstrap.o)
 .debug_aranges
                0x00000ce8       0x20 c:/program files (x86)/microchip/xc32/v1.44/bin/bin/../../lib/gcc/pic32mx/4.8.3/../../../../pic32mx/lib\libpic32.a(defaultinterrupt.o)
 .debug_aranges
                0x00000d08       0x20 c:/program files (x86)/microchip/xc32/v1.44/bin/bin/../../lib/gcc/pic32mx/4.8.3/../../../../pic32mx/lib\libc.a(sprintf_cdnopuxX.eo)
 .debug_aranges
                0x00000d28       0x20 c:/program files (x86)/microchip/xc32/v1.44/bin/bin/../../lib/gcc/pic32mx/4.8.3/../../../../pic32mx/lib\libc.a(doprnt_cdnopuxX.eo)
 .debug_aranges
                0x00000d48       0x20 c:/program files (x86)/microchip/xc32/v1.44/bin/bin/../../lib/gcc/pic32mx/4.8.3/../../../../pic32mx/lib\libc.a(_fputc_simple.o)
 .debug_aranges
                0x00000d68       0x20 c:/program files (x86)/microchip/xc32/v1.44/bin/bin/../../lib/gcc/pic32mx/4.8.3/../../../../pic32mx/lib\libc.a(_flsbuf_simple.o)
 .debug_aranges
                0x00000d88       0x20 c:/program files (x86)/microchip/xc32/v1.44/bin/bin/../../lib/gcc/pic32mx/4.8.3\libgcc.a(_udivdi3.o)
 .debug_aranges
                0x00000da8       0x20 c:/program files (x86)/microchip/xc32/v1.44/bin/bin/../../lib/gcc/pic32mx/4.8.3\libgcc.a(_umoddi3.o)
 .debug_aranges
                0x00000dc8       0x20 c:/program files (x86)/microchip/xc32/v1.44/bin/bin/../../lib/gcc/pic32mx/4.8.3/../../../../pic32mx/lib\libpic32.a(write.o)
 .debug_aranges
                0x00000de8       0x20 c:/program files (x86)/microchip/xc32/v1.44/bin/bin/../../lib/gcc/pic32mx/4.8.3/../../../../pic32mx/lib\libpic32.a(_mon_putc.o)

.debug_pubnames
 *(.debug_pubnames)

.debug_info     0x00000000    0x278f9
 *(.debug_info .gnu.linkonce.wi.*)
 .debug_info    0x00000000     0x577f build/default/production/_ext/1407244131/drv_tmr_static.o
 .debug_info    0x0000577f     0x1d74 build/default/production/_ext/1407244131/drv_tmr_mapping.o
 .debug_info    0x000074f3     0x1b55 build/default/production/_ext/327000265/drv_usart_mapping.o
 .debug_info    0x00009048     0x39e8 build/default/production/_ext/327000265/drv_usart_static.o
 .debug_info    0x0000ca30     0x187c build/default/production/_ext/327000265/drv_usart_static_byte_model.o
 .debug_info    0x0000e2ac     0x16e0 build/default/production/_ext/639803181/sys_clk_pic32mx.o
 .debug_info    0x0000f98c     0x1637 build/default/production/_ext/340578644/sys_devcon.o
 .debug_info    0x00010fc3     0x177c build/default/production/_ext/340578644/sys_devcon_pic32mx.o
 .debug_info    0x0001273f     0x410a build/default/production/_ext/822048611/sys_ports_static.o
 .debug_info    0x00016849     0x1137 build/default/production/_ext/1688732426/system_init.o
 .debug_info    0x00017980     0x193f build/default/production/_ext/1688732426/system_interrupt.o
 .debug_info    0x000192bf      0xbba build/default/production/_ext/1688732426/system_exceptions.o
 .debug_info    0x00019e79      0xe8b build/default/production/_ext/1688732426/system_tasks.o
 .debug_info    0x0001ad04       0xab build/default/production/_ext/1688732426/system_interrupt_a.o
 .debug_info    0x0001adaf      0x261 build/default/production/_ext/1688732426/rtos_hooks.o
 .debug_info    0x0001b010     0x12b0 build/default/production/_ext/1360937237/app.o
 .debug_info    0x0001c2c0      0x1b9 build/default/production/_ext/1360937237/main.o
 .debug_info    0x0001c479      0xf01 build/default/production/_ext/1360937237/debug.o
 .debug_info    0x0001d37a      0xa75 build/default/production/_ext/417179412/osal_freertos.o
 .debug_info    0x0001ddef     0x145d build/default/production/_ext/1082766828/sys_int_pic32.o
 .debug_info    0x0001f24c      0x3a5 build/default/production/_ext/1995343438/heap_1.o
 .debug_info    0x0001f5f1     0x11ce build/default/production/_ext/1575994309/port.o
 .debug_info    0x000207bf       0xed build/default/production/_ext/1575994309/port_asm.o
 .debug_info    0x000208ac      0x19f build/default/production/_ext/739232943/croutine.o
 .debug_info    0x00020a4b      0x49b build/default/production/_ext/739232943/list.o
 .debug_info    0x00020ee6     0x1944 build/default/production/_ext/739232943/queue.o
 .debug_info    0x0002282a     0x293d build/default/production/_ext/739232943/tasks.o
 .debug_info    0x00025167      0x19d build/default/production/_ext/739232943/timers.o
 .debug_info    0x00025304      0xd72 build/default/production/_ext/739232943/event_groups.o
 .debug_info    0x00026076      0x12f c:/program files (x86)/microchip/xc32/v1.44/bin/bin/../../lib/gcc/pic32mx/4.8.3\libgcc.a(floatunsisf.o)
 .debug_info    0x000261a5       0xf5 c:/program files (x86)/microchip/xc32/v1.44/bin/bin/../../lib/gcc/pic32mx/4.8.3/../../../../pic32mx/lib\libpic32.a(default-bootstrap-exception-handler.o)
 .debug_info    0x0002629a       0xce c:/program files (x86)/microchip/xc32/v1.44/bin/bin/../../lib/gcc/pic32mx/4.8.3/../../../../pic32mx/lib\libpic32.a(default-on-reset.o)
 .debug_info    0x00026368       0xd6 c:/program files (x86)/microchip/xc32/v1.44/bin/bin/../../lib/gcc/pic32mx/4.8.3/../../../../pic32mx/lib\libpic32.a(default-on-bootstrap.o)
 .debug_info    0x0002643e       0xe8 c:/program files (x86)/microchip/xc32/v1.44/bin/bin/../../lib/gcc/pic32mx/4.8.3/../../../../pic32mx/lib\libpic32.a(defaultinterrupt.o)
 .debug_info    0x00026526       0xd2 c:/program files (x86)/microchip/xc32/v1.44/bin/bin/../../lib/gcc/pic32mx/4.8.3/../../../../pic32mx/lib\libc.a(sprintf_cdnopuxX.eo)
 .debug_info    0x000265f8       0xd3 c:/program files (x86)/microchip/xc32/v1.44/bin/bin/../../lib/gcc/pic32mx/4.8.3/../../../../pic32mx/lib\libc.a(doprnt_cdnopuxX.eo)
 .debug_info    0x000266cb       0xc4 c:/program files (x86)/microchip/xc32/v1.44/bin/bin/../../lib/gcc/pic32mx/4.8.3/../../../../pic32mx/lib\libc.a(_fputc_simple.o)
 .debug_info    0x0002678f       0xc7 c:/program files (x86)/microchip/xc32/v1.44/bin/bin/../../lib/gcc/pic32mx/4.8.3/../../../../pic32mx/lib\libc.a(_flsbuf_simple.o)
 .debug_info    0x00026856      0x76f c:/program files (x86)/microchip/xc32/v1.44/bin/bin/../../lib/gcc/pic32mx/4.8.3\libgcc.a(_udivdi3.o)
 .debug_info    0x00026fc5      0x7ac c:/program files (x86)/microchip/xc32/v1.44/bin/bin/../../lib/gcc/pic32mx/4.8.3\libgcc.a(_umoddi3.o)
 .debug_info    0x00027771       0xc0 c:/program files (x86)/microchip/xc32/v1.44/bin/bin/../../lib/gcc/pic32mx/4.8.3/../../../../pic32mx/lib\libpic32.a(write.o)
 .debug_info    0x00027831       0xc8 c:/program files (x86)/microchip/xc32/v1.44/bin/bin/../../lib/gcc/pic32mx/4.8.3/../../../../pic32mx/lib\libpic32.a(_mon_putc.o)

.debug_abbrev   0x00000000     0x3d92
 *(.debug_abbrev)
 .debug_abbrev  0x00000000      0x402 build/default/production/_ext/1407244131/drv_tmr_static.o
 .debug_abbrev  0x00000402      0x2dd build/default/production/_ext/1407244131/drv_tmr_mapping.o
 .debug_abbrev  0x000006df      0x252 build/default/production/_ext/327000265/drv_usart_mapping.o
 .debug_abbrev  0x00000931      0x3f2 build/default/production/_ext/327000265/drv_usart_static.o
 .debug_abbrev  0x00000d23      0x2fe build/default/production/_ext/327000265/drv_usart_static_byte_model.o
 .debug_abbrev  0x00001021      0x283 build/default/production/_ext/639803181/sys_clk_pic32mx.o
 .debug_abbrev  0x000012a4      0x27b build/default/production/_ext/340578644/sys_devcon.o
 .debug_abbrev  0x0000151f      0x20f build/default/production/_ext/340578644/sys_devcon_pic32mx.o
 .debug_abbrev  0x0000172e      0x282 build/default/production/_ext/822048611/sys_ports_static.o
 .debug_abbrev  0x000019b0      0x1da build/default/production/_ext/1688732426/system_init.o
 .debug_abbrev  0x00001b8a      0x22d build/default/production/_ext/1688732426/system_interrupt.o
 .debug_abbrev  0x00001db7      0x114 build/default/production/_ext/1688732426/system_exceptions.o
 .debug_abbrev  0x00001ecb      0x1c3 build/default/production/_ext/1688732426/system_tasks.o
 .debug_abbrev  0x0000208e       0x12 build/default/production/_ext/1688732426/system_interrupt_a.o
 .debug_abbrev  0x000020a0       0x97 build/default/production/_ext/1688732426/rtos_hooks.o
 .debug_abbrev  0x00002137      0x2d5 build/default/production/_ext/1360937237/app.o
 .debug_abbrev  0x0000240c       0x93 build/default/production/_ext/1360937237/main.o
 .debug_abbrev  0x0000249f      0x1f5 build/default/production/_ext/1360937237/debug.o
 .debug_abbrev  0x00002694      0x1fe build/default/production/_ext/417179412/osal_freertos.o
 .debug_abbrev  0x00002892      0x237 build/default/production/_ext/1082766828/sys_int_pic32.o
 .debug_abbrev  0x00002ac9      0x13f build/default/production/_ext/1995343438/heap_1.o
 .debug_abbrev  0x00002c08      0x2cf build/default/production/_ext/1575994309/port.o
 .debug_abbrev  0x00002ed7       0x14 build/default/production/_ext/1575994309/port_asm.o
 .debug_abbrev  0x00002eeb       0x1b build/default/production/_ext/739232943/croutine.o
 .debug_abbrev  0x00002f06       0xf1 build/default/production/_ext/739232943/list.o
 .debug_abbrev  0x00002ff7      0x2f4 build/default/production/_ext/739232943/queue.o
 .debug_abbrev  0x000032eb      0x381 build/default/production/_ext/739232943/tasks.o
 .debug_abbrev  0x0000366c       0x1b build/default/production/_ext/739232943/timers.o
 .debug_abbrev  0x00003687      0x29a build/default/production/_ext/739232943/event_groups.o
 .debug_abbrev  0x00003921       0x62 c:/program files (x86)/microchip/xc32/v1.44/bin/bin/../../lib/gcc/pic32mx/4.8.3\libgcc.a(floatunsisf.o)
 .debug_abbrev  0x00003983       0x28 c:/program files (x86)/microchip/xc32/v1.44/bin/bin/../../lib/gcc/pic32mx/4.8.3/../../../../pic32mx/lib\libpic32.a(default-bootstrap-exception-handler.o)
 .debug_abbrev  0x000039ab       0x28 c:/program files (x86)/microchip/xc32/v1.44/bin/bin/../../lib/gcc/pic32mx/4.8.3/../../../../pic32mx/lib\libpic32.a(default-on-reset.o)
 .debug_abbrev  0x000039d3       0x28 c:/program files (x86)/microchip/xc32/v1.44/bin/bin/../../lib/gcc/pic32mx/4.8.3/../../../../pic32mx/lib\libpic32.a(default-on-bootstrap.o)
 .debug_abbrev  0x000039fb       0x28 c:/program files (x86)/microchip/xc32/v1.44/bin/bin/../../lib/gcc/pic32mx/4.8.3/../../../../pic32mx/lib\libpic32.a(defaultinterrupt.o)
 .debug_abbrev  0x00003a23       0x28 c:/program files (x86)/microchip/xc32/v1.44/bin/bin/../../lib/gcc/pic32mx/4.8.3/../../../../pic32mx/lib\libc.a(sprintf_cdnopuxX.eo)
 .debug_abbrev  0x00003a4b       0x28 c:/program files (x86)/microchip/xc32/v1.44/bin/bin/../../lib/gcc/pic32mx/4.8.3/../../../../pic32mx/lib\libc.a(doprnt_cdnopuxX.eo)
 .debug_abbrev  0x00003a73       0x28 c:/program files (x86)/microchip/xc32/v1.44/bin/bin/../../lib/gcc/pic32mx/4.8.3/../../../../pic32mx/lib\libc.a(_fputc_simple.o)
 .debug_abbrev  0x00003a9b       0x28 c:/program files (x86)/microchip/xc32/v1.44/bin/bin/../../lib/gcc/pic32mx/4.8.3/../../../../pic32mx/lib\libc.a(_flsbuf_simple.o)
 .debug_abbrev  0x00003ac3      0x138 c:/program files (x86)/microchip/xc32/v1.44/bin/bin/../../lib/gcc/pic32mx/4.8.3\libgcc.a(_udivdi3.o)
 .debug_abbrev  0x00003bfb      0x147 c:/program files (x86)/microchip/xc32/v1.44/bin/bin/../../lib/gcc/pic32mx/4.8.3\libgcc.a(_umoddi3.o)
 .debug_abbrev  0x00003d42       0x28 c:/program files (x86)/microchip/xc32/v1.44/bin/bin/../../lib/gcc/pic32mx/4.8.3/../../../../pic32mx/lib\libpic32.a(write.o)
 .debug_abbrev  0x00003d6a       0x28 c:/program files (x86)/microchip/xc32/v1.44/bin/bin/../../lib/gcc/pic32mx/4.8.3/../../../../pic32mx/lib\libpic32.a(_mon_putc.o)

.debug_line     0x00000000     0x7885
 *(.debug_line)
 .debug_line    0x00000000      0xa9e build/default/production/_ext/1407244131/drv_tmr_static.o
 .debug_line    0x00000a9e      0x593 build/default/production/_ext/1407244131/drv_tmr_mapping.o
 .debug_line    0x00001031      0x568 build/default/production/_ext/327000265/drv_usart_mapping.o
 .debug_line    0x00001599      0x809 build/default/production/_ext/327000265/drv_usart_static.o
 .debug_line    0x00001da2      0x4c1 build/default/production/_ext/327000265/drv_usart_static_byte_model.o
 .debug_line    0x00002263      0x592 build/default/production/_ext/639803181/sys_clk_pic32mx.o
 .debug_line    0x000027f5      0x685 build/default/production/_ext/340578644/sys_devcon.o
 .debug_line    0x00002e7a      0x493 build/default/production/_ext/340578644/sys_devcon_pic32mx.o
 .debug_line    0x0000330d      0x771 build/default/production/_ext/822048611/sys_ports_static.o
 .debug_line    0x00003a7e      0x540 build/default/production/_ext/1688732426/system_init.o
 .debug_line    0x00003fbe      0x380 build/default/production/_ext/1688732426/system_interrupt.o
 .debug_line    0x0000433e      0x231 build/default/production/_ext/1688732426/system_exceptions.o
 .debug_line    0x0000456f      0x3c3 build/default/production/_ext/1688732426/system_tasks.o
 .debug_line    0x00004932       0xd0 build/default/production/_ext/1688732426/system_interrupt_a.o
 .debug_line    0x00004a02      0x14f build/default/production/_ext/1688732426/rtos_hooks.o
 .debug_line    0x00004b51      0x436 build/default/production/_ext/1360937237/app.o
 .debug_line    0x00004f87       0xc4 build/default/production/_ext/1360937237/main.o
 .debug_line    0x0000504b      0x35c build/default/production/_ext/1360937237/debug.o
 .debug_line    0x000053a7      0x2e2 build/default/production/_ext/417179412/osal_freertos.o
 .debug_line    0x00005689      0x2d1 build/default/production/_ext/1082766828/sys_int_pic32.o
 .debug_line    0x0000595a      0x216 build/default/production/_ext/1995343438/heap_1.o
 .debug_line    0x00005b70      0x23a build/default/production/_ext/1575994309/port.o
 .debug_line    0x00005daa      0x123 build/default/production/_ext/1575994309/port_asm.o
 .debug_line    0x00005ecd       0x1d build/default/production/_ext/739232943/croutine.o
 .debug_line    0x00005eea      0x1dc build/default/production/_ext/739232943/list.o
 .debug_line    0x000060c6      0x496 build/default/production/_ext/739232943/queue.o
 .debug_line    0x0000655c      0x7b2 build/default/production/_ext/739232943/tasks.o
 .debug_line    0x00006d0e       0x1d build/default/production/_ext/739232943/timers.o
 .debug_line    0x00006d2b      0x325 build/default/production/_ext/739232943/event_groups.o
 .debug_line    0x00007050       0x9a c:/program files (x86)/microchip/xc32/v1.44/bin/bin/../../lib/gcc/pic32mx/4.8.3\libgcc.a(floatunsisf.o)
 .debug_line    0x000070ea       0xa7 c:/program files (x86)/microchip/xc32/v1.44/bin/bin/../../lib/gcc/pic32mx/4.8.3/../../../../pic32mx/lib\libpic32.a(default-bootstrap-exception-handler.o)
 .debug_line    0x00007191       0x94 c:/program files (x86)/microchip/xc32/v1.44/bin/bin/../../lib/gcc/pic32mx/4.8.3/../../../../pic32mx/lib\libpic32.a(default-on-reset.o)
 .debug_line    0x00007225       0x98 c:/program files (x86)/microchip/xc32/v1.44/bin/bin/../../lib/gcc/pic32mx/4.8.3/../../../../pic32mx/lib\libpic32.a(default-on-bootstrap.o)
 .debug_line    0x000072bd       0xa6 c:/program files (x86)/microchip/xc32/v1.44/bin/bin/../../lib/gcc/pic32mx/4.8.3/../../../../pic32mx/lib\libpic32.a(defaultinterrupt.o)
 .debug_line    0x00007363       0x81 c:/program files (x86)/microchip/xc32/v1.44/bin/bin/../../lib/gcc/pic32mx/4.8.3/../../../../pic32mx/lib\libc.a(sprintf_cdnopuxX.eo)
 .debug_line    0x000073e4       0x80 c:/program files (x86)/microchip/xc32/v1.44/bin/bin/../../lib/gcc/pic32mx/4.8.3/../../../../pic32mx/lib\libc.a(doprnt_cdnopuxX.eo)
 .debug_line    0x00007464       0x7f c:/program files (x86)/microchip/xc32/v1.44/bin/bin/../../lib/gcc/pic32mx/4.8.3/../../../../pic32mx/lib\libc.a(_fputc_simple.o)
 .debug_line    0x000074e3        0x0 c:/program files (x86)/microchip/xc32/v1.44/bin/bin/../../lib/gcc/pic32mx/4.8.3/../../../../pic32mx/lib\libc.a(ctype.o)
 .debug_line    0x000074e3        0x0 c:/program files (x86)/microchip/xc32/v1.44/bin/bin/../../lib/gcc/pic32mx/4.8.3/../../../../pic32mx/lib\libc.a(_iob.o)
 .debug_line    0x000074e3       0x80 c:/program files (x86)/microchip/xc32/v1.44/bin/bin/../../lib/gcc/pic32mx/4.8.3/../../../../pic32mx/lib\libc.a(_flsbuf_simple.o)
 .debug_line    0x00007563       0xfd c:/program files (x86)/microchip/xc32/v1.44/bin/bin/../../lib/gcc/pic32mx/4.8.3\libgcc.a(_udivdi3.o)
 .debug_line    0x00007660      0x10f c:/program files (x86)/microchip/xc32/v1.44/bin/bin/../../lib/gcc/pic32mx/4.8.3\libgcc.a(_umoddi3.o)
 .debug_line    0x0000776f       0x89 c:/program files (x86)/microchip/xc32/v1.44/bin/bin/../../lib/gcc/pic32mx/4.8.3/../../../../pic32mx/lib\libpic32.a(write.o)
 .debug_line    0x000077f8       0x8d c:/program files (x86)/microchip/xc32/v1.44/bin/bin/../../lib/gcc/pic32mx/4.8.3/../../../../pic32mx/lib\libpic32.a(_mon_putc.o)
 .debug_line    0x00007885        0x0 c:/program files (x86)/microchip/xc32/v1.44/bin/bin/../../lib/gcc/pic32mx/4.8.3/../../../../pic32mx/lib\libpic32.a(xc32_uart.o)

.debug_frame    0x00000000     0x1cb8
 *(.debug_frame)
 .debug_frame   0x00000000      0x31c build/default/production/_ext/1407244131/drv_tmr_static.o
 .debug_frame   0x0000031c      0x218 build/default/production/_ext/1407244131/drv_tmr_mapping.o
 .debug_frame   0x00000534      0x234 build/default/production/_ext/327000265/drv_usart_mapping.o
 .debug_frame   0x00000768       0xe4 build/default/production/_ext/327000265/drv_usart_static.o
 .debug_frame   0x0000084c       0x80 build/default/production/_ext/327000265/drv_usart_static_byte_model.o
 .debug_frame   0x000008cc       0xa0 build/default/production/_ext/639803181/sys_clk_pic32mx.o
 .debug_frame   0x0000096c       0xe8 build/default/production/_ext/340578644/sys_devcon.o
 .debug_frame   0x00000a54       0x28 build/default/production/_ext/340578644/sys_devcon_pic32mx.o
 .debug_frame   0x00000a7c      0x270 build/default/production/_ext/822048611/sys_ports_static.o
 .debug_frame   0x00000cec       0x28 build/default/production/_ext/1688732426/system_init.o
 .debug_frame   0x00000d14       0x50 build/default/production/_ext/1688732426/system_interrupt.o
 .debug_frame   0x00000d64       0x28 build/default/production/_ext/1688732426/system_exceptions.o
 .debug_frame   0x00000d8c       0x5c build/default/production/_ext/1688732426/system_tasks.o
 .debug_frame   0x00000de8       0x40 build/default/production/_ext/1688732426/rtos_hooks.o
 .debug_frame   0x00000e28       0xf4 build/default/production/_ext/1360937237/app.o
 .debug_frame   0x00000f1c       0x28 build/default/production/_ext/1360937237/main.o
 .debug_frame   0x00000f44       0x98 build/default/production/_ext/1360937237/debug.o
 .debug_frame   0x00000fdc      0x150 build/default/production/_ext/417179412/osal_freertos.o
 .debug_frame   0x0000112c       0x90 build/default/production/_ext/1082766828/sys_int_pic32.o
 .debug_frame   0x000011bc       0x5c build/default/production/_ext/1995343438/heap_1.o
 .debug_frame   0x00001218       0xc0 build/default/production/_ext/1575994309/port.o
 .debug_frame   0x000012d8       0x60 build/default/production/_ext/739232943/list.o
 .debug_frame   0x00001338      0x218 build/default/production/_ext/739232943/queue.o
 .debug_frame   0x00001550      0x458 build/default/production/_ext/739232943/tasks.o
 .debug_frame   0x000019a8      0x108 build/default/production/_ext/739232943/event_groups.o
 .debug_frame   0x00001ab0       0x28 c:/program files (x86)/microchip/xc32/v1.44/bin/bin/../../lib/gcc/pic32mx/4.8.3\libgcc.a(floatunsisf.o)
 .debug_frame   0x00001ad8       0x2c c:/program files (x86)/microchip/xc32/v1.44/bin/bin/../../lib/gcc/pic32mx/4.8.3/../../../../pic32mx/lib\libpic32.a(default-bootstrap-exception-handler.o)
 .debug_frame   0x00001b04       0x20 c:/program files (x86)/microchip/xc32/v1.44/bin/bin/../../lib/gcc/pic32mx/4.8.3/../../../../pic32mx/lib\libpic32.a(default-on-reset.o)
 .debug_frame   0x00001b24       0x20 c:/program files (x86)/microchip/xc32/v1.44/bin/bin/../../lib/gcc/pic32mx/4.8.3/../../../../pic32mx/lib\libpic32.a(default-on-bootstrap.o)
 .debug_frame   0x00001b44       0x20 c:/program files (x86)/microchip/xc32/v1.44/bin/bin/../../lib/gcc/pic32mx/4.8.3/../../../../pic32mx/lib\libpic32.a(defaultinterrupt.o)
 .debug_frame   0x00001b64       0x28 c:/program files (x86)/microchip/xc32/v1.44/bin/bin/../../lib/gcc/pic32mx/4.8.3/../../../../pic32mx/lib\libc.a(sprintf_cdnopuxX.eo)
 .debug_frame   0x00001b8c       0x38 c:/program files (x86)/microchip/xc32/v1.44/bin/bin/../../lib/gcc/pic32mx/4.8.3/../../../../pic32mx/lib\libc.a(doprnt_cdnopuxX.eo)
 .debug_frame   0x00001bc4       0x2c c:/program files (x86)/microchip/xc32/v1.44/bin/bin/../../lib/gcc/pic32mx/4.8.3/../../../../pic32mx/lib\libc.a(_fputc_simple.o)
 .debug_frame   0x00001bf0       0x28 c:/program files (x86)/microchip/xc32/v1.44/bin/bin/../../lib/gcc/pic32mx/4.8.3/../../../../pic32mx/lib\libc.a(_flsbuf_simple.o)
 .debug_frame   0x00001c18       0x20 c:/program files (x86)/microchip/xc32/v1.44/bin/bin/../../lib/gcc/pic32mx/4.8.3\libgcc.a(_udivdi3.o)
 .debug_frame   0x00001c38       0x20 c:/program files (x86)/microchip/xc32/v1.44/bin/bin/../../lib/gcc/pic32mx/4.8.3\libgcc.a(_umoddi3.o)
 .debug_frame   0x00001c58       0x38 c:/program files (x86)/microchip/xc32/v1.44/bin/bin/../../lib/gcc/pic32mx/4.8.3/../../../../pic32mx/lib\libpic32.a(write.o)
 .debug_frame   0x00001c90       0x28 c:/program files (x86)/microchip/xc32/v1.44/bin/bin/../../lib/gcc/pic32mx/4.8.3/../../../../pic32mx/lib\libpic32.a(_mon_putc.o)

.debug_str      0x00000000      0x6ff
 *(.debug_str)
 .debug_str     0x00000000       0x99 build/default/production/_ext/1407244131/drv_tmr_static.o
 .debug_str     0x00000099        0xe build/default/production/_ext/1407244131/drv_tmr_mapping.o
 .debug_str     0x000000a7       0x23 build/default/production/_ext/327000265/drv_usart_mapping.o
 .debug_str     0x000000ca       0xe1 build/default/production/_ext/327000265/drv_usart_static.o
 .debug_str     0x000001ab       0x18 build/default/production/_ext/327000265/drv_usart_static_byte_model.o
 .debug_str     0x000001c3       0x39 build/default/production/_ext/639803181/sys_clk_pic32mx.o
 .debug_str     0x000001fc       0x16 build/default/production/_ext/340578644/sys_devcon.o
 .debug_str     0x00000212        0x6 build/default/production/_ext/340578644/sys_devcon_pic32mx.o
 .debug_str     0x00000218       0x55 build/default/production/_ext/822048611/sys_ports_static.o
 .debug_str     0x0000026d        0x0 build/default/production/_ext/1688732426/system_init.o
 .debug_str     0x0000026d        0x0 build/default/production/_ext/1688732426/system_interrupt.o
 .debug_str     0x0000026d        0x0 build/default/production/_ext/1688732426/system_exceptions.o
 .debug_str     0x0000026d        0x0 build/default/production/_ext/1688732426/system_tasks.o
 .debug_str     0x0000026d        0x9 build/default/production/_ext/1688732426/rtos_hooks.o
 .debug_str     0x00000276        0x9 build/default/production/_ext/1360937237/app.o
 .debug_str     0x0000027f        0x0 build/default/production/_ext/1360937237/main.o
 .debug_str     0x0000027f        0x7 build/default/production/_ext/1360937237/debug.o
 .debug_str     0x00000286       0x40 build/default/production/_ext/417179412/osal_freertos.o
 .debug_str     0x000002c6       0x1d build/default/production/_ext/1082766828/sys_int_pic32.o
 .debug_str     0x000002e3       0x1d build/default/production/_ext/1995343438/heap_1.o
 .debug_str     0x00000300       0x37 build/default/production/_ext/1575994309/port.o
 .debug_str     0x00000337        0x0 build/default/production/_ext/739232943/croutine.o
 .debug_str     0x00000337       0x2b build/default/production/_ext/739232943/list.o
 .debug_str     0x00000362      0x131 build/default/production/_ext/739232943/queue.o
 .debug_str     0x00000493      0x186 build/default/production/_ext/739232943/tasks.o
 .debug_str     0x00000619        0x0 build/default/production/_ext/739232943/timers.o
 .debug_str     0x00000619       0xe6 build/default/production/_ext/739232943/event_groups.o
 .debug_str     0x000006ff        0x0 c:/program files (x86)/microchip/xc32/v1.44/bin/bin/../../lib/gcc/pic32mx/4.8.3\libgcc.a(floatunsisf.o)
 .debug_str     0x000006ff        0x0 c:/program files (x86)/microchip/xc32/v1.44/bin/bin/../../lib/gcc/pic32mx/4.8.3/../../../../pic32mx/lib\libpic32.a(default-bootstrap-exception-handler.o)
 .debug_str     0x000006ff        0x0 c:/program files (x86)/microchip/xc32/v1.44/bin/bin/../../lib/gcc/pic32mx/4.8.3/../../../../pic32mx/lib\libpic32.a(default-on-reset.o)
 .debug_str     0x000006ff        0x0 c:/program files (x86)/microchip/xc32/v1.44/bin/bin/../../lib/gcc/pic32mx/4.8.3/../../../../pic32mx/lib\libpic32.a(default-on-bootstrap.o)
 .debug_str     0x000006ff        0x0 c:/program files (x86)/microchip/xc32/v1.44/bin/bin/../../lib/gcc/pic32mx/4.8.3/../../../../pic32mx/lib\libpic32.a(defaultinterrupt.o)
 .debug_str     0x000006ff        0x0 c:/program files (x86)/microchip/xc32/v1.44/bin/bin/../../lib/gcc/pic32mx/4.8.3/../../../../pic32mx/lib\libc.a(sprintf_cdnopuxX.eo)
 .debug_str     0x000006ff        0x0 c:/program files (x86)/microchip/xc32/v1.44/bin/bin/../../lib/gcc/pic32mx/4.8.3/../../../../pic32mx/lib\libc.a(doprnt_cdnopuxX.eo)
 .debug_str     0x000006ff        0x0 c:/program files (x86)/microchip/xc32/v1.44/bin/bin/../../lib/gcc/pic32mx/4.8.3/../../../../pic32mx/lib\libc.a(_fputc_simple.o)
 .debug_str     0x000006ff        0x0 c:/program files (x86)/microchip/xc32/v1.44/bin/bin/../../lib/gcc/pic32mx/4.8.3/../../../../pic32mx/lib\libc.a(ctype.o)
 .debug_str     0x000006ff        0x0 c:/program files (x86)/microchip/xc32/v1.44/bin/bin/../../lib/gcc/pic32mx/4.8.3/../../../../pic32mx/lib\libc.a(_iob.o)
 .debug_str     0x000006ff        0x0 c:/program files (x86)/microchip/xc32/v1.44/bin/bin/../../lib/gcc/pic32mx/4.8.3/../../../../pic32mx/lib\libc.a(_flsbuf_simple.o)
 .debug_str     0x000006ff        0x0 c:/program files (x86)/microchip/xc32/v1.44/bin/bin/../../lib/gcc/pic32mx/4.8.3\libgcc.a(_udivdi3.o)
 .debug_str     0x000006ff        0x0 c:/program files (x86)/microchip/xc32/v1.44/bin/bin/../../lib/gcc/pic32mx/4.8.3\libgcc.a(_umoddi3.o)
 .debug_str     0x000006ff        0x0 c:/program files (x86)/microchip/xc32/v1.44/bin/bin/../../lib/gcc/pic32mx/4.8.3/../../../../pic32mx/lib\libpic32.a(write.o)
 .debug_str     0x000006ff        0x0 c:/program files (x86)/microchip/xc32/v1.44/bin/bin/../../lib/gcc/pic32mx/4.8.3/../../../../pic32mx/lib\libpic32.a(_mon_putc.o)
 .debug_str     0x000006ff        0x0 c:/program files (x86)/microchip/xc32/v1.44/bin/bin/../../lib/gcc/pic32mx/4.8.3/../../../../pic32mx/lib\libpic32.a(xc32_uart.o)

.debug_loc      0x00000000     0x6d4f
 *(.debug_loc)
 .debug_loc     0x00000000      0x775 build/default/production/_ext/1407244131/drv_tmr_static.o
 .debug_loc     0x00000775      0x5d2 build/default/production/_ext/1407244131/drv_tmr_mapping.o
 .debug_loc     0x00000d47      0x6d6 build/default/production/_ext/327000265/drv_usart_mapping.o
 .debug_loc     0x0000141d      0x4f7 build/default/production/_ext/327000265/drv_usart_static.o
 .debug_loc     0x00001914       0x5f build/default/production/_ext/327000265/drv_usart_static_byte_model.o
 .debug_loc     0x00001973       0x49 build/default/production/_ext/639803181/sys_clk_pic32mx.o
 .debug_loc     0x000019bc       0xf0 build/default/production/_ext/340578644/sys_devcon.o
 .debug_loc     0x00001aac       0xda build/default/production/_ext/340578644/sys_devcon_pic32mx.o
 .debug_loc     0x00001b86      0x74e build/default/production/_ext/822048611/sys_ports_static.o
 .debug_loc     0x000022d4       0x21 build/default/production/_ext/1688732426/system_init.o
 .debug_loc     0x000022f5       0x4a build/default/production/_ext/1688732426/rtos_hooks.o
 .debug_loc     0x0000233f      0x12c build/default/production/_ext/1360937237/app.o
 .debug_loc     0x0000246b      0x123 build/default/production/_ext/1360937237/debug.o
 .debug_loc     0x0000258e      0x416 build/default/production/_ext/417179412/osal_freertos.o
 .debug_loc     0x000029a4       0x7c build/default/production/_ext/1082766828/sys_int_pic32.o
 .debug_loc     0x00002a20       0x49 build/default/production/_ext/1995343438/heap_1.o
 .debug_loc     0x00002a69       0xf5 build/default/production/_ext/1575994309/port.o
 .debug_loc     0x00002b5e       0x31 build/default/production/_ext/739232943/list.o
 .debug_loc     0x00002b8f      0xea5 build/default/production/_ext/739232943/queue.o
 .debug_loc     0x00003a34     0x1492 build/default/production/_ext/739232943/tasks.o
 .debug_loc     0x00004ec6      0x8ea build/default/production/_ext/739232943/event_groups.o
 .debug_loc     0x000057b0       0x74 c:/program files (x86)/microchip/xc32/v1.44/bin/bin/../../lib/gcc/pic32mx/4.8.3\libgcc.a(floatunsisf.o)
 .debug_loc     0x00005824       0x2c c:/program files (x86)/microchip/xc32/v1.44/bin/bin/../../lib/gcc/pic32mx/4.8.3/../../../../pic32mx/lib\libpic32.a(default-bootstrap-exception-handler.o)
 .debug_loc     0x00005850      0xa6a c:/program files (x86)/microchip/xc32/v1.44/bin/bin/../../lib/gcc/pic32mx/4.8.3\libgcc.a(_udivdi3.o)
 .debug_loc     0x000062ba      0xa3d c:/program files (x86)/microchip/xc32/v1.44/bin/bin/../../lib/gcc/pic32mx/4.8.3\libgcc.a(_umoddi3.o)
 .debug_loc     0x00006cf7       0x38 c:/program files (x86)/microchip/xc32/v1.44/bin/bin/../../lib/gcc/pic32mx/4.8.3/../../../../pic32mx/lib\libpic32.a(write.o)
 .debug_loc     0x00006d2f       0x20 c:/program files (x86)/microchip/xc32/v1.44/bin/bin/../../lib/gcc/pic32mx/4.8.3/../../../../pic32mx/lib\libpic32.a(_mon_putc.o)

.debug_macinfo
 *(.debug_macinfo)

.debug_weaknames
 *(.debug_weaknames)

.debug_funcnames
 *(.debug_funcnames)

.debug_typenames
 *(.debug_typenames)

.debug_varnames
 *(.debug_varnames)

.debug_pubtypes
 *(.debug_pubtypes)

.debug_ranges   0x00000000      0xdf8
 *(.debug_ranges)
 .debug_ranges  0x00000000      0x178 build/default/production/_ext/1407244131/drv_tmr_static.o
 .debug_ranges  0x00000178       0xd8 build/default/production/_ext/1407244131/drv_tmr_mapping.o
 .debug_ranges  0x00000250       0xa0 build/default/production/_ext/327000265/drv_usart_mapping.o
 .debug_ranges  0x000002f0       0x90 build/default/production/_ext/327000265/drv_usart_static.o
 .debug_ranges  0x00000380       0x38 build/default/production/_ext/327000265/drv_usart_static_byte_model.o
 .debug_ranges  0x000003b8       0x40 build/default/production/_ext/639803181/sys_clk_pic32mx.o
 .debug_ranges  0x000003f8       0x68 build/default/production/_ext/340578644/sys_devcon.o
 .debug_ranges  0x00000460       0x10 build/default/production/_ext/340578644/sys_devcon_pic32mx.o
 .debug_ranges  0x00000470      0x138 build/default/production/_ext/822048611/sys_ports_static.o
 .debug_ranges  0x000005a8       0x10 build/default/production/_ext/1688732426/system_init.o
 .debug_ranges  0x000005b8       0x20 build/default/production/_ext/1688732426/system_interrupt.o
 .debug_ranges  0x000005d8       0x10 build/default/production/_ext/1688732426/system_exceptions.o
 .debug_ranges  0x000005e8       0x20 build/default/production/_ext/1688732426/system_tasks.o
 .debug_ranges  0x00000608       0x40 build/default/production/_ext/1688732426/system_interrupt_a.o
 .debug_ranges  0x00000648       0x18 build/default/production/_ext/1688732426/rtos_hooks.o
 .debug_ranges  0x00000660       0x60 build/default/production/_ext/1360937237/app.o
 .debug_ranges  0x000006c0       0x10 build/default/production/_ext/1360937237/main.o
 .debug_ranges  0x000006d0       0x38 build/default/production/_ext/1360937237/debug.o
 .debug_ranges  0x00000708       0x78 build/default/production/_ext/417179412/osal_freertos.o
 .debug_ranges  0x00000780       0x50 build/default/production/_ext/1082766828/sys_int_pic32.o
 .debug_ranges  0x000007d0       0x28 build/default/production/_ext/1995343438/heap_1.o
 .debug_ranges  0x000007f8       0x48 build/default/production/_ext/1575994309/port.o
 .debug_ranges  0x00000840       0x30 build/default/production/_ext/739232943/list.o
 .debug_ranges  0x00000870      0x130 build/default/production/_ext/739232943/queue.o
 .debug_ranges  0x000009a0      0x1b0 build/default/production/_ext/739232943/tasks.o
 .debug_ranges  0x00000b50       0x98 build/default/production/_ext/739232943/event_groups.o
 .debug_ranges  0x00000be8       0x10 c:/program files (x86)/microchip/xc32/v1.44/bin/bin/../../lib/gcc/pic32mx/4.8.3/../../../../pic32mx/lib\libpic32.a(default-bootstrap-exception-handler.o)
 .debug_ranges  0x00000bf8       0x10 c:/program files (x86)/microchip/xc32/v1.44/bin/bin/../../lib/gcc/pic32mx/4.8.3/../../../../pic32mx/lib\libpic32.a(default-on-reset.o)
 .debug_ranges  0x00000c08       0x10 c:/program files (x86)/microchip/xc32/v1.44/bin/bin/../../lib/gcc/pic32mx/4.8.3/../../../../pic32mx/lib\libpic32.a(default-on-bootstrap.o)
 .debug_ranges  0x00000c18       0x10 c:/program files (x86)/microchip/xc32/v1.44/bin/bin/../../lib/gcc/pic32mx/4.8.3/../../../../pic32mx/lib\libpic32.a(defaultinterrupt.o)
 .debug_ranges  0x00000c28       0x10 c:/program files (x86)/microchip/xc32/v1.44/bin/bin/../../lib/gcc/pic32mx/4.8.3/../../../../pic32mx/lib\libc.a(sprintf_cdnopuxX.eo)
 .debug_ranges  0x00000c38       0x10 c:/program files (x86)/microchip/xc32/v1.44/bin/bin/../../lib/gcc/pic32mx/4.8.3/../../../../pic32mx/lib\libc.a(doprnt_cdnopuxX.eo)
 .debug_ranges  0x00000c48       0x10 c:/program files (x86)/microchip/xc32/v1.44/bin/bin/../../lib/gcc/pic32mx/4.8.3/../../../../pic32mx/lib\libc.a(_fputc_simple.o)
 .debug_ranges  0x00000c58       0x10 c:/program files (x86)/microchip/xc32/v1.44/bin/bin/../../lib/gcc/pic32mx/4.8.3/../../../../pic32mx/lib\libc.a(_flsbuf_simple.o)
 .debug_ranges  0x00000c68       0x98 c:/program files (x86)/microchip/xc32/v1.44/bin/bin/../../lib/gcc/pic32mx/4.8.3\libgcc.a(_udivdi3.o)
 .debug_ranges  0x00000d00       0xd8 c:/program files (x86)/microchip/xc32/v1.44/bin/bin/../../lib/gcc/pic32mx/4.8.3\libgcc.a(_umoddi3.o)
 .debug_ranges  0x00000dd8       0x10 c:/program files (x86)/microchip/xc32/v1.44/bin/bin/../../lib/gcc/pic32mx/4.8.3/../../../../pic32mx/lib\libpic32.a(write.o)
 .debug_ranges  0x00000de8       0x10 c:/program files (x86)/microchip/xc32/v1.44/bin/bin/../../lib/gcc/pic32mx/4.8.3/../../../../pic32mx/lib\libpic32.a(_mon_putc.o)

.gnu.attributes
                0x00000000       0x10
 *(.gnu.attributes)
 .gnu.attributes
                0x00000000       0x10 build/default/production/_ext/1407244131/drv_tmr_static.o
 .gnu.attributes
                0x00000010       0x10 build/default/production/_ext/1407244131/drv_tmr_mapping.o
 .gnu.attributes
                0x00000020       0x10 build/default/production/_ext/327000265/drv_usart_mapping.o
 .gnu.attributes
                0x00000030       0x10 build/default/production/_ext/327000265/drv_usart_static.o
 .gnu.attributes
                0x00000040       0x10 build/default/production/_ext/327000265/drv_usart_static_byte_model.o
 .gnu.attributes
                0x00000050       0x10 build/default/production/_ext/639803181/sys_clk_pic32mx.o
 .gnu.attributes
                0x00000060       0x10 build/default/production/_ext/340578644/sys_devcon.o
 .gnu.attributes
                0x00000070       0x10 build/default/production/_ext/340578644/sys_devcon_pic32mx.o
 .gnu.attributes
                0x00000080       0x10 build/default/production/_ext/822048611/sys_ports_static.o
 .gnu.attributes
                0x00000090       0x10 build/default/production/_ext/1688732426/system_init.o
 .gnu.attributes
                0x000000a0       0x10 build/default/production/_ext/1688732426/system_interrupt.o
 .gnu.attributes
                0x000000b0       0x10 build/default/production/_ext/1688732426/system_exceptions.o
 .gnu.attributes
                0x000000c0       0x10 build/default/production/_ext/1688732426/system_tasks.o
 .gnu.attributes
                0x000000d0       0x10 build/default/production/_ext/1688732426/rtos_hooks.o
 .gnu.attributes
                0x000000e0       0x10 build/default/production/_ext/1360937237/app.o
 .gnu.attributes
                0x000000f0       0x10 build/default/production/_ext/1360937237/main.o
 .gnu.attributes
                0x00000100       0x10 build/default/production/_ext/1360937237/debug.o
 .gnu.attributes
                0x00000110       0x10 build/default/production/_ext/417179412/osal_freertos.o
 .gnu.attributes
                0x00000120       0x10 build/default/production/_ext/1082766828/sys_int_pic32.o
 .gnu.attributes
                0x00000130       0x10 build/default/production/_ext/1995343438/heap_1.o
 .gnu.attributes
                0x00000140       0x10 build/default/production/_ext/1575994309/port.o
 .gnu.attributes
                0x00000150       0x10 build/default/production/_ext/739232943/croutine.o
 .gnu.attributes
                0x00000160       0x10 build/default/production/_ext/739232943/list.o
 .gnu.attributes
                0x00000170       0x10 build/default/production/_ext/739232943/queue.o
 .gnu.attributes
                0x00000180       0x10 build/default/production/_ext/739232943/tasks.o
 .gnu.attributes
                0x00000190       0x10 build/default/production/_ext/739232943/timers.o
 .gnu.attributes
                0x000001a0       0x10 build/default/production/_ext/739232943/event_groups.o
 .gnu.attributes
                0x000001b0       0x10 c:/program files (x86)/microchip/xc32/v1.44/bin/bin/../../lib/gcc/pic32mx/4.8.3\libgcc.a(floatunsisf.o)
 .gnu.attributes
                0x000001c0       0x10 c:/program files (x86)/microchip/xc32/v1.44/bin/bin/../../lib/gcc/pic32mx/4.8.3/../../../../pic32mx/lib\libpic32.a(default-bootstrap-exception-handler.o)
 .gnu.attributes
                0x000001d0       0x10 c:/program files (x86)/microchip/xc32/v1.44/bin/bin/../../lib/gcc/pic32mx/4.8.3/../../../../pic32mx/lib\libpic32.a(default-on-reset.o)
 .gnu.attributes
                0x000001e0       0x10 c:/program files (x86)/microchip/xc32/v1.44/bin/bin/../../lib/gcc/pic32mx/4.8.3/../../../../pic32mx/lib\libpic32.a(default-on-bootstrap.o)
 .gnu.attributes
                0x000001f0       0x10 c:/program files (x86)/microchip/xc32/v1.44/bin/bin/../../lib/gcc/pic32mx/4.8.3/../../../../pic32mx/lib\libpic32.a(defaultinterrupt.o)
 .gnu.attributes
                0x00000200       0x10 c:/program files (x86)/microchip/xc32/v1.44/bin/bin/../../lib/gcc/pic32mx/4.8.3/../../../../pic32mx/lib\libc.a(sprintf_cdnopuxX.eo)
 .gnu.attributes